---
source: rust/codec-latex/tests/examples.rs
expression: info.mapping
---
start     end        offsets   node_type+property                   authorship
    50     55       (50, 55)   IncludeBlock.source
    43     57        (-7, 2)   IncludeBlock
    65     72       (22, 15)   IncludeBlock.source
    58     74        (-7, 2)   IncludeBlock
    82     89       (24, 15)   IncludeBlock.source
    75     91        (-7, 2)   IncludeBlock
    99    109       (24, 18)   IncludeBlock.source
    92    111        (-7, 2)   IncludeBlock
    43    112       (-49, 1)   Article.content
     0    128      (-43, 16)   Article
