---
source: rust/codec-latex/tests/examples.rs
expression: info.mapping
---
start     end        offsets   node_type+property                   authorship
     0     54        (0, 54)   RawBlock.content
     0     54         (0, 0)   RawBlock
    63     70       (63, 16)   Link.target
    54     71        (-9, 1)   Link
    54     71         (0, 0)   InlinesBlock.content
    54     71         (0, 0)   InlinesBlock
    71     80        (17, 9)   RawBlock.content
    71     80         (0, 0)   RawBlock
    85     92       (14, 12)   Link.target
    80     93        (-5, 1)   Link
    80     93         (0, 0)   InlinesBlock.content
    80     93         (0, 0)   InlinesBlock
    93     96        (13, 3)   RawBlock.content
    93     95        (0, -1)   RawBlock
    96     96         (3, 1)   Island.content
    96     95        (0, -1)   Island
    96    112        (0, 17)   RawBlock.content
    96    112         (0, 0)   RawBlock
     0    112       (-96, 0)   Article.content
     0    112         (0, 0)   Article
