---
source: rust/parser-rust/src/lib.rs
assertion_line: 104
expression: resource_info
input_file: fixtures/fragments/rust/assigns.rs
---
{
  "resource": {
    "type": "Code",
    "path": "fragments/rust/assigns.rs",
    "id": "",
    "kind": "SoftwareSourceCode",
    "language": "Rust"
  },
  "relations": [
    [
      {
        "type": "Declares",
        "range": [
          0,
          6,
          0,
          10
        ]
      },
      {
        "type": "Symbol",
        "path": "fragments/rust/assigns.rs",
        "name": "var1",
        "kind": ""
      }
    ],
    [
      {
        "type": "Declares",
        "range": [
          1,
          7,
          1,
          11
        ]
      },
      {
        "type": "Symbol",
        "path": "fragments/rust/assigns.rs",
        "name": "var2",
        "kind": ""
      }
    ],
    [
      {
        "type": "Declares",
        "range": [
          3,
          4,
          3,
          8
        ]
      },
      {
        "type": "Symbol",
        "path": "fragments/rust/assigns.rs",
        "name": "var3",
        "kind": ""
      }
    ],
    [
      {
        "type": "Declares",
        "range": [
          4,
          4,
          4,
          8
        ]
      },
      {
        "type": "Symbol",
        "path": "fragments/rust/assigns.rs",
        "name": "var4",
        "kind": ""
      }
    ],
    [
      {
        "type": "Declares",
        "range": [
          5,
          4,
          5,
          8
        ]
      },
      {
        "type": "Symbol",
        "path": "fragments/rust/assigns.rs",
        "name": "var5",
        "kind": ""
      }
    ],
    [
      {
        "type": "Declares",
        "range": [
          6,
          4,
          6,
          8
        ]
      },
      {
        "type": "Symbol",
        "path": "fragments/rust/assigns.rs",
        "name": "var6",
        "kind": ""
      }
    ],
    [
      {
        "type": "Declares",
        "range": [
          7,
          4,
          7,
          8
        ]
      },
      {
        "type": "Symbol",
        "path": "fragments/rust/assigns.rs",
        "name": "var7",
        "kind": ""
      }
    ],
    [
      {
        "type": "Declares",
        "range": [
          8,
          4,
          8,
          8
        ]
      },
      {
        "type": "Symbol",
        "path": "fragments/rust/assigns.rs",
        "name": "var8",
        "kind": ""
      }
    ],
    [
      {
        "type": "Declares",
        "range": [
          9,
          4,
          9,
          8
        ]
      },
      {
        "type": "Symbol",
        "path": "fragments/rust/assigns.rs",
        "name": "var9",
        "kind": ""
      }
    ]
  ],
  "compile_digest": "5392323478064530077.3819236217095885594.0.0.0",
  "tags": []
}
