---
source: rust/crates/codec-rmd/src/decode.rs
expression: decode(content).unwrap()
input_file: fixtures/fragments/rmd/code-expression.rmd

---
{
  "type": "Article",
  "content": [
    {
      "type": "Paragraph",
      "content": [
        "A R Markdown code expression (inline code chunk): ",
        {
          "type": "CodeExpression",
          "programmingLanguage": "r",
          "text": "1+1"
        },
        "."
      ]
    },
    {
      "type": "Paragraph",
      "content": [
        "Plain old code fragments: ",
        {
          "type": "CodeFragment",
          "text": "1+1"
        },
        ", ",
        {
          "type": "CodeFragment",
          "text": "r2d2"
        },
        ", ",
        {
          "type": "CodeFragment",
          "text": "r"
        },
        "."
      ]
    }
  ]
}
