---
source: rust/parser-ts/src/lib.rs
assertion_line: 133
expression: parse_info
input_file: fixtures/fragments/js/assigns.js
---
{
  "language": "typescript",
  "syntaxErrors": false,
  "semanticDigest": 2835468141008740361,
  "executionDependencies": [],
  "executionDependents": [
    {
      "type": "ExecutionDependent",
      "dependentNode": {
        "type": "Variable",
        "name": "var1",
        "namespace": "fragments/js/assigns.js",
        "kind": "Number"
      },
      "dependentRelation": "Assigns",
      "codeLocation": [
        0,
        0,
        0,
        4
      ]
    }
  ],
  "executionTags": []
}
