start     end        offsets   node_type+property                   authorship
     0     63        (0, 63)   Text.value
     0     63         (0, 0)   Text
    64     69        (64, 6)   CodeInline.code
    63     70        (-1, 1)   CodeInline
    70     85        (7, 15)   Text.value
    70     85         (0, 0)   Text
    86     91        (16, 6)   CodeInline.code
    85     92        (-1, 1)   CodeInline
    92     94         (7, 2)   Text.value
    92     94         (0, 0)   Text
    95    101         (3, 7)   CodeInline.code
    94    102        (-1, 1)   CodeInline
   102    107         (8, 5)   Text.value
   102    107         (0, 0)   Text
   108    117        (6, 10)   CodeInline.code
   107    118        (-1, 1)   CodeInline
   118    125        (11, 7)   Text.value
   118    125         (0, 0)   Text
     0    125      (-118, 0)   Paragraph.content
     0    126         (0, 1)   Paragraph
   127    173      (127, 47)   Text.value
   127    173         (0, 0)   Text
   127    173         (0, 0)   Paragraph.content
   127    174         (0, 1)   Paragraph
   230    270      (103, 96)   Text.value
   230    270         (0, 0)   Text
   230    270         (0, 0)   Paragraph.content
   230    271         (0, 1)   Paragraph
   175    276       (-55, 5)   Figure
   277    343      (102, 67)   Text.value
   277    343         (0, 0)   Text
   277    343         (0, 0)   Paragraph.content
   277    344         (0, 1)   Paragraph
   360    361       (83, 17)   CodeChunk.programmingLanguage
   369    375        (9, 14)   CodeChunk.labelType
   386    393       (17, 18)   CodeChunk.caption
   395    406        (9, 13)   CodeChunk.code
   345    410       (-50, 4)   CodeChunk
   411    419        (66, 9)   Text.value
   411    419         (0, 0)   Text
   411    419         (0, 0)   Paragraph.content
   411    420         (0, 1)   Paragraph
   432    492       (21, 72)   Table.caption
   495    506       (63, 14)   TableCell
   507    528       (12, 22)   TableCell
   529    550       (22, 22)   TableCell
   494    552       (-35, 2)   TableRow
   611    622      (117, 70)   TableCell
   623    644       (12, 22)   TableCell
   645    666       (22, 22)   TableCell
   610    668       (-35, 2)   TableRow
   669    680       (59, 12)   TableCell
   681    702       (12, 22)   TableCell
   703    724       (22, 22)   TableCell
   668    726       (-35, 2)   TableRow
   727    738       (59, 12)   TableCell
   739    760       (12, 22)   TableCell
   761    782       (22, 22)   TableCell
   726    784       (-35, 2)   TableRow
   421    789      (-305, 5)   Table
   790    837      (369, 48)   Text.value
   790    837         (0, 0)   Text
   790    837         (0, 0)   Paragraph.content
   790    838         (0, 1)   Paragraph
   854    855       (64, 17)   CodeChunk.programmingLanguage
   863    868        (9, 13)   CodeChunk.labelType
   879    888       (16, 20)   CodeChunk.caption
   890    903       (11, 15)   CodeChunk.code
   839    907       (-51, 4)   CodeChunk
     0    908      (-839, 1)   Article.content
     0    908         (0, 0)   Article
