start     end        offsets   node_type+property                   authorship
     0     17        (0, 17)   Text.value
     0     17         (0, 0)   Text
     0     17         (0, 0)   Paragraph.content
     0     18         (0, 1)   Paragraph
    26     30       (26, 12)   IfBlockClause.code
    40     70       (14, 40)   Text.value
    40     70         (0, 0)   Text
    40     70         (0, 0)   Paragraph.content
    40     71         (0, 1)   Paragraph
    36     72        (-4, 1)   IfBlockClause.content
    26     71      (-10, -1)   IfBlockClause
    26     72         (0, 1)   IfBlock.clauses
    19     76        (-7, 4)   IfBlock
    77    124       (58, 48)   Text.value
    77    124         (0, 0)   Text
    77    124         (0, 0)   Paragraph.content
    77    125         (0, 1)   Paragraph
   133    137       (56, 12)   IfBlockClause.code
   139    145         (6, 8)   IfBlockClause.programmingLanguage
   156    186       (17, 41)   Text.value
   156    186         (0, 0)   Text
   156    186         (0, 0)   Paragraph.content
   156    187         (0, 1)   Paragraph
   152    188        (-4, 1)   IfBlockClause.content
   133    187      (-19, -1)   IfBlockClause
   133    188         (0, 1)   IfBlock.clauses
   126    192        (-7, 4)   IfBlock
   193    212       (67, 20)   Text.value
   193    212         (0, 0)   Text
   193    212         (0, 0)   Paragraph.content
   193    213         (0, 1)   Paragraph
   221    226       (28, 13)   IfBlockClause.code
   236    270       (15, 44)   Text.value
   236    270         (0, 0)   Text
   236    270         (0, 0)   Paragraph.content
   236    271         (0, 1)   Paragraph
   232    272        (-4, 1)   IfBlockClause.content
   221    271      (-11, -1)   IfBlockClause
   221    272         (0, 1)   IfBlock.clauses
   280    280        (59, 8)   IfBlockClause.code
   290    320       (10, 40)   Text.value
   290    320         (0, 0)   Text
   290    320         (0, 0)   Paragraph.content
   290    321         (0, 1)   Paragraph
   286    322        (-4, 1)   IfBlockClause.content
   280    321       (-6, -1)   IfBlockClause
   280    322         (0, 1)   IfBlock.clauses
   214    326       (-66, 4)   IfBlock
   327    348      (113, 22)   Text.value
   327    348         (0, 0)   Text
   327    348         (0, 0)   Paragraph.content
   327    349         (0, 1)   Paragraph
   357    362       (30, 13)   IfBlockClause.code
   372    412       (15, 50)   Text.value
   372    412         (0, 0)   Text
   372    412         (0, 0)   Paragraph.content
   372    413         (0, 1)   Paragraph
   368    414        (-4, 1)   IfBlockClause.content
   357    413      (-11, -1)   IfBlockClause
   357    414         (0, 1)   IfBlock.clauses
   423    428       (66, 14)   IfBlockClause.code
   438    479       (15, 51)   Text.value
   438    479         (0, 0)   Text
   438    479         (0, 0)   Paragraph.content
   438    480         (0, 1)   Paragraph
   434    481        (-4, 1)   IfBlockClause.content
   423    480      (-11, -1)   IfBlockClause
   423    481         (0, 1)   IfBlock.clauses
   490    494       (67, 13)   IfBlockClause.code
   504    540       (14, 46)   Text.value
   504    540         (0, 0)   Text
   504    540         (0, 0)   Paragraph.content
   504    541         (0, 1)   Paragraph
   500    542        (-4, 1)   IfBlockClause.content
   490    541      (-10, -1)   IfBlockClause
   490    542         (0, 1)   IfBlock.clauses
   551    555       (61, 13)   IfBlockClause.code
   565    630       (14, 75)   Text.value
   565    630         (0, 0)   Text
   565    630         (0, 0)   Paragraph.content
   565    631         (0, 1)   Paragraph
   561    632        (-4, 1)   IfBlockClause.content
   551    631      (-10, -1)   IfBlockClause
   551    632         (0, 1)   IfBlock.clauses
   640    640        (89, 8)   IfBlockClause.code
   650    714       (10, 74)   Text.value
   650    714         (0, 0)   Text
   650    714         (0, 0)   Paragraph.content
   650    715         (0, 1)   Paragraph
   646    716        (-4, 1)   IfBlockClause.content
   640    715       (-6, -1)   IfBlockClause
   640    716         (0, 1)   IfBlock.clauses
   350    720      (-290, 4)   IfBlock
   721    737      (371, 17)   Text.value
   721    737         (0, 0)   Text
   721    737         (0, 0)   Paragraph.content
   721    738         (0, 1)   Paragraph
   746    750       (25, 12)   IfBlockClause.code
   767    771       (21, 21)   IfBlockClause.code
   789    819       (22, 48)   Text.value
   789    819         (0, 0)   Text
   789    819         (0, 0)   Paragraph.content
   789    820         (0, 1)   Paragraph
   781    821        (-8, 1)   IfBlockClause.content
   767    820      (-14, -1)   IfBlockClause
   767    821         (0, 1)   IfBlock.clauses
   756    829       (-11, 8)   IfBlock
   756    830         (0, 1)   IfBlockClause.content
   746    829      (-10, -1)   IfBlockClause
   746    830         (0, 1)   IfBlock.clauses
   739    834        (-7, 4)   IfBlock
     0    835      (-739, 1)   Article.content
     0    835         (0, 0)   Article
