---
source: rust/graph/tests/fixtures.rs
expression: graph
---
type: Graph
subject: "fixture:code-python-r-dataframe-provenance"
nodes:
  - type: GraphNode
    id: "code:scripts/analysis.R"
    node:
      type: SoftwareSourceCode
      id: "code:scripts/analysis.R"
      name: analysis.R
      path: scripts/analysis.R
      programmingLanguage: R
      dateCreated:
        type: DateTime
        value: "[datetime]"
      dateModified:
        type: DateTime
        value: "[datetime]"
  - type: GraphNode
    id: "code:scripts/analysis.py"
    node:
      type: SoftwareSourceCode
      id: "code:scripts/analysis.py"
      name: analysis.py
      path: scripts/analysis.py
      programmingLanguage: Python
      dateCreated:
        type: DateTime
        value: "[datetime]"
      dateModified:
        type: DateTime
        value: "[datetime]"
  - type: GraphNode
    id: "column:scripts/analysis.R:df:count"
    node:
      type: DatatableColumn
      id: "column:scripts/analysis.R:df:count"
      name: count
      values: []
  - type: GraphNode
    id: "column:scripts/analysis.R:df:site"
    node:
      type: DatatableColumn
      id: "column:scripts/analysis.R:df:site"
      name: site
      values: []
  - type: GraphNode
    id: "column:scripts/analysis.py:df:count"
    node:
      type: DatatableColumn
      id: "column:scripts/analysis.py:df:count"
      name: count
      values: []
  - type: GraphNode
    id: "column:scripts/analysis.py:df:site"
    node:
      type: DatatableColumn
      id: "column:scripts/analysis.py:df:site"
      name: site
      values: []
  - type: GraphNode
    id: "dir:."
    node:
      type: Directory
      id: "dir:."
      name: code-python-r-dataframe-provenance
      path: "."
  - type: GraphNode
    id: "dir:data"
    node:
      type: Directory
      id: "dir:data"
      name: data
      path: data
  - type: GraphNode
    id: "dir:data/raw"
    node:
      type: Directory
      id: "dir:data/raw"
      name: raw
      path: data/raw
  - type: GraphNode
    id: "dir:figures"
    node:
      type: Directory
      id: "dir:figures"
      name: figures
      path: figures
  - type: GraphNode
    id: "dir:outputs"
    node:
      type: Directory
      id: "dir:outputs"
      name: outputs
      path: outputs
  - type: GraphNode
    id: "dir:scripts"
    node:
      type: Directory
      id: "dir:scripts"
      name: scripts
      path: scripts
  - type: GraphNode
    id: "file:data/raw/observations.csv"
    node:
      type: File
      id: "file:data/raw/observations.csv"
      name: observations.csv
      path: data/raw/observations.csv
      size: 52
      dateCreated:
        type: DateTime
        value: "[datetime]"
      dateModified:
        type: DateTime
        value: "[datetime]"
  - type: GraphNode
    id: "file:figures/python-counts.png"
    node:
      type: File
      id: "file:figures/python-counts.png"
      name: python-counts.png
      path: figures/python-counts.png
      size: 26
      dateCreated:
        type: DateTime
        value: "[datetime]"
      dateModified:
        type: DateTime
        value: "[datetime]"
  - type: GraphNode
    id: "file:figures/r-counts.png"
    node:
      type: File
      id: "file:figures/r-counts.png"
      name: r-counts.png
      path: figures/r-counts.png
      size: 21
      dateCreated:
        type: DateTime
        value: "[datetime]"
      dateModified:
        type: DateTime
        value: "[datetime]"
  - type: GraphNode
    id: "file:outputs/python-clean.csv"
    node:
      type: File
      id: "file:outputs/python-clean.csv"
      name: python-clean.csv
      path: outputs/python-clean.csv
      size: 11
      dateCreated:
        type: DateTime
        value: "[datetime]"
      dateModified:
        type: DateTime
        value: "[datetime]"
  - type: GraphNode
    id: "file:outputs/r-summary.csv"
    node:
      type: File
      id: "file:outputs/r-summary.csv"
      name: r-summary.csv
      path: outputs/r-summary.csv
      size: 11
      dateCreated:
        type: DateTime
        value: "[datetime]"
      dateModified:
        type: DateTime
        value: "[datetime]"
  - type: GraphNode
    id: "function:scripts/analysis.R:r:csv"
    node:
      type: Function
      id: "function:scripts/analysis.R:r:csv"
      name: csv
      parameters: []
  - type: GraphNode
    id: "function:scripts/analysis.R:r:ggsave"
    node:
      type: Function
      id: "function:scripts/analysis.R:r:ggsave"
      name: ggsave
      parameters: []
  - type: GraphNode
    id: "function:scripts/analysis.py:python:mean"
    node:
      type: Function
      id: "function:scripts/analysis.py:python:mean"
      name: mean
      parameters: []
  - type: GraphNode
    id: "function:scripts/analysis.py:python:read_csv"
    node:
      type: Function
      id: "function:scripts/analysis.py:python:read_csv"
      name: read_csv
      parameters: []
  - type: GraphNode
    id: "function:scripts/analysis.py:python:savefig"
    node:
      type: Function
      id: "function:scripts/analysis.py:python:savefig"
      name: savefig
      parameters: []
  - type: GraphNode
    id: "function:scripts/analysis.py:python:to_csv"
    node:
      type: Function
      id: "function:scripts/analysis.py:python:to_csv"
      name: to_csv
      parameters: []
  - type: GraphNode
    id: "node:data/raw/observations.csv#dtb_"
    node:
      type: Datatable
      columns:
        - type: DatatableColumn
          name: site
          values: []
        - type: DatatableColumn
          name: count
          values: []
        - type: DatatableColumn
          name: treatment
          values: []
  - type: GraphNode
    id: "node:outputs/python-clean.csv#dtb_"
    node:
      type: Datatable
      columns:
        - type: DatatableColumn
          name: site
          values: []
        - type: DatatableColumn
          name: count
          values: []
  - type: GraphNode
    id: "node:outputs/r-summary.csv#dtb_"
    node:
      type: Datatable
      columns:
        - type: DatatableColumn
          name: site
          values: []
        - type: DatatableColumn
          name: count
          values: []
  - type: GraphNode
    id: "package:cran/ggplot2"
    node:
      type: SoftwareSourceCode
      id: "package:cran/ggplot2"
      name: ggplot2
      programmingLanguage: R
      identifiers:
        - type: PropertyValue
          propertyId: purl
          value: "pkg:cran/ggplot2"
  - type: GraphNode
    id: "package:cran/readr"
    node:
      type: SoftwareSourceCode
      id: "package:cran/readr"
      name: readr
      programmingLanguage: R
      identifiers:
        - type: PropertyValue
          propertyId: purl
          value: "pkg:cran/readr"
  - type: GraphNode
    id: "package:pypi/matplotlib"
    node:
      type: SoftwareSourceCode
      id: "package:pypi/matplotlib"
      name: matplotlib
      programmingLanguage: Python
      identifiers:
        - type: PropertyValue
          propertyId: purl
          value: "pkg:pypi/matplotlib"
  - type: GraphNode
    id: "package:pypi/pandas"
    node:
      type: SoftwareSourceCode
      id: "package:pypi/pandas"
      name: pandas
      programmingLanguage: Python
      identifiers:
        - type: PropertyValue
          propertyId: purl
          value: "pkg:pypi/pandas"
  - type: GraphNode
    id: "symbol:scripts/analysis.R:r:df"
    node:
      type: Variable
      id: "symbol:scripts/analysis.R:r:df"
      name: df
      programmingLanguage: R
  - type: GraphNode
    id: "symbol:scripts/analysis.R:r:ggsave"
    node:
      type: Variable
      id: "symbol:scripts/analysis.R:r:ggsave"
      name: ggsave
      programmingLanguage: R
  - type: GraphNode
    id: "symbol:scripts/analysis.R:r:read.csv"
    node:
      type: Variable
      id: "symbol:scripts/analysis.R:r:read.csv"
      name: read.csv
      programmingLanguage: R
  - type: GraphNode
    id: "symbol:scripts/analysis.R:r:site"
    node:
      type: Variable
      id: "symbol:scripts/analysis.R:r:site"
      name: site
      programmingLanguage: R
  - type: GraphNode
    id: "symbol:scripts/analysis.R:r:write.csv"
    node:
      type: Variable
      id: "symbol:scripts/analysis.R:r:write.csv"
      name: write.csv
      programmingLanguage: R
  - type: GraphNode
    id: "symbol:scripts/analysis.py:python:clean"
    node:
      type: Variable
      id: "symbol:scripts/analysis.py:python:clean"
      name: clean
      programmingLanguage: Python
  - type: GraphNode
    id: "symbol:scripts/analysis.py:python:df"
    node:
      type: Variable
      id: "symbol:scripts/analysis.py:python:df"
      name: df
      programmingLanguage: Python
  - type: GraphNode
    id: "symbol:scripts/analysis.py:python:loc"
    node:
      type: Variable
      id: "symbol:scripts/analysis.py:python:loc"
      name: loc
      programmingLanguage: Python
  - type: GraphNode
    id: "symbol:scripts/analysis.py:python:mean"
    node:
      type: Variable
      id: "symbol:scripts/analysis.py:python:mean"
      name: mean
      programmingLanguage: Python
  - type: GraphNode
    id: "symbol:scripts/analysis.py:python:mean_count"
    node:
      type: Variable
      id: "symbol:scripts/analysis.py:python:mean_count"
      name: mean_count
      programmingLanguage: Python
  - type: GraphNode
    id: "symbol:scripts/analysis.py:python:pd"
    node:
      type: Variable
      id: "symbol:scripts/analysis.py:python:pd"
      name: pd
      programmingLanguage: Python
  - type: GraphNode
    id: "symbol:scripts/analysis.py:python:plt"
    node:
      type: Variable
      id: "symbol:scripts/analysis.py:python:plt"
      name: plt
      programmingLanguage: Python
  - type: GraphNode
    id: "symbol:scripts/analysis.py:python:pyplot"
    node:
      type: Variable
      id: "symbol:scripts/analysis.py:python:pyplot"
      name: pyplot
      programmingLanguage: Python
  - type: GraphNode
    id: "symbol:scripts/analysis.py:python:read_csv"
    node:
      type: Variable
      id: "symbol:scripts/analysis.py:python:read_csv"
      name: read_csv
      programmingLanguage: Python
  - type: GraphNode
    id: "symbol:scripts/analysis.py:python:savefig"
    node:
      type: Variable
      id: "symbol:scripts/analysis.py:python:savefig"
      name: savefig
      programmingLanguage: Python
  - type: GraphNode
    id: "symbol:scripts/analysis.py:python:to_csv"
    node:
      type: Variable
      id: "symbol:scripts/analysis.py:python:to_csv"
      name: to_csv
      programmingLanguage: Python
edges:
  - type: GraphEdge
    source: "code:scripts/analysis.R"
    target: "dir:scripts"
    kind: PartOf
    evidence:
      - type: GraphEvidence
        kind: Observed
  - type: GraphEdge
    source: "code:scripts/analysis.R"
    target: "file:figures/r-counts.png"
    kind: Generated
    evidence:
      - type: GraphEvidence
        kind: StaticAnalysis
  - type: GraphEdge
    source: "code:scripts/analysis.R"
    target: "file:outputs/r-summary.csv"
    kind: Generated
    evidence:
      - type: GraphEvidence
        kind: StaticAnalysis
  - type: GraphEdge
    source: "code:scripts/analysis.R"
    target: "symbol:scripts/analysis.R:r:df"
    kind: Generated
    evidence:
      - type: GraphEvidence
        kind: StaticAnalysis
  - type: GraphEdge
    source: "code:scripts/analysis.py"
    target: "dir:scripts"
    kind: PartOf
    evidence:
      - type: GraphEvidence
        kind: Observed
  - type: GraphEdge
    source: "code:scripts/analysis.py"
    target: "file:figures/python-counts.png"
    kind: Generated
    evidence:
      - type: GraphEvidence
        kind: StaticAnalysis
  - type: GraphEdge
    source: "code:scripts/analysis.py"
    target: "file:outputs/python-clean.csv"
    kind: Generated
    evidence:
      - type: GraphEvidence
        kind: StaticAnalysis
  - type: GraphEdge
    source: "code:scripts/analysis.py"
    target: "symbol:scripts/analysis.py:python:clean"
    kind: Generated
    evidence:
      - type: GraphEvidence
        kind: StaticAnalysis
  - type: GraphEdge
    source: "code:scripts/analysis.py"
    target: "symbol:scripts/analysis.py:python:df"
    kind: Generated
    evidence:
      - type: GraphEvidence
        kind: StaticAnalysis
  - type: GraphEdge
    source: "code:scripts/analysis.py"
    target: "symbol:scripts/analysis.py:python:mean_count"
    kind: Generated
    evidence:
      - type: GraphEvidence
        kind: StaticAnalysis
  - type: GraphEdge
    source: "column:scripts/analysis.R:df:count"
    target: "code:scripts/analysis.R"
    kind: UsedBy
    evidence:
      - type: GraphEvidence
        kind: StaticAnalysis
  - type: GraphEdge
    source: "column:scripts/analysis.R:df:count"
    target: "symbol:scripts/analysis.R:r:df"
    kind: PartOf
    evidence:
      - type: GraphEvidence
        kind: StaticAnalysis
  - type: GraphEdge
    source: "column:scripts/analysis.R:df:site"
    target: "code:scripts/analysis.R"
    kind: UsedBy
    evidence:
      - type: GraphEvidence
        kind: StaticAnalysis
  - type: GraphEdge
    source: "column:scripts/analysis.R:df:site"
    target: "symbol:scripts/analysis.R:r:df"
    kind: PartOf
    evidence:
      - type: GraphEvidence
        kind: StaticAnalysis
  - type: GraphEdge
    source: "column:scripts/analysis.py:df:count"
    target: "code:scripts/analysis.py"
    kind: UsedBy
    evidence:
      - type: GraphEvidence
        kind: StaticAnalysis
  - type: GraphEdge
    source: "column:scripts/analysis.py:df:count"
    target: "symbol:scripts/analysis.py:python:df"
    kind: PartOf
    evidence:
      - type: GraphEvidence
        kind: StaticAnalysis
  - type: GraphEdge
    source: "column:scripts/analysis.py:df:site"
    target: "code:scripts/analysis.py"
    kind: UsedBy
    evidence:
      - type: GraphEvidence
        kind: StaticAnalysis
  - type: GraphEdge
    source: "column:scripts/analysis.py:df:site"
    target: "symbol:scripts/analysis.py:python:df"
    kind: PartOf
    evidence:
      - type: GraphEvidence
        kind: StaticAnalysis
  - type: GraphEdge
    source: "dir:data"
    target: "dir:."
    kind: PartOf
    evidence:
      - type: GraphEvidence
        kind: Observed
  - type: GraphEdge
    source: "dir:data/raw"
    target: "dir:data"
    kind: PartOf
    evidence:
      - type: GraphEvidence
        kind: Observed
  - type: GraphEdge
    source: "dir:figures"
    target: "dir:."
    kind: PartOf
    evidence:
      - type: GraphEvidence
        kind: Observed
  - type: GraphEdge
    source: "dir:outputs"
    target: "dir:."
    kind: PartOf
    evidence:
      - type: GraphEvidence
        kind: Observed
  - type: GraphEdge
    source: "dir:scripts"
    target: "dir:."
    kind: PartOf
    evidence:
      - type: GraphEvidence
        kind: Observed
  - type: GraphEdge
    source: "file:data/raw/observations.csv"
    target: "code:scripts/analysis.R"
    kind: ReadBy
    evidence:
      - type: GraphEvidence
        kind: StaticAnalysis
  - type: GraphEdge
    source: "file:data/raw/observations.csv"
    target: "code:scripts/analysis.py"
    kind: ReadBy
    evidence:
      - type: GraphEvidence
        kind: StaticAnalysis
  - type: GraphEdge
    source: "file:data/raw/observations.csv"
    target: "dir:data/raw"
    kind: PartOf
    evidence:
      - type: GraphEvidence
        kind: Observed
  - type: GraphEdge
    source: "file:data/raw/observations.csv"
    target: "node:data/raw/observations.csv#dtb_"
    kind: ConvertedInto
    evidence:
      - type: GraphEvidence
        kind: Observed
      - type: GraphEvidence
        kind: Computed
  - type: GraphEdge
    source: "file:data/raw/observations.csv"
    target: "symbol:scripts/analysis.R:r:df"
    kind: DerivedInto
    evidence:
      - type: GraphEvidence
        kind: StaticAnalysis
  - type: GraphEdge
    source: "file:data/raw/observations.csv"
    target: "symbol:scripts/analysis.py:python:df"
    kind: DerivedInto
    evidence:
      - type: GraphEvidence
        kind: StaticAnalysis
  - type: GraphEdge
    source: "file:figures/python-counts.png"
    target: "dir:figures"
    kind: PartOf
    evidence:
      - type: GraphEvidence
        kind: Observed
  - type: GraphEdge
    source: "file:figures/r-counts.png"
    target: "dir:figures"
    kind: PartOf
    evidence:
      - type: GraphEvidence
        kind: Observed
  - type: GraphEdge
    source: "file:outputs/python-clean.csv"
    target: "dir:outputs"
    kind: PartOf
    evidence:
      - type: GraphEvidence
        kind: Observed
  - type: GraphEdge
    source: "file:outputs/python-clean.csv"
    target: "node:outputs/python-clean.csv#dtb_"
    kind: ConvertedInto
    evidence:
      - type: GraphEvidence
        kind: Observed
      - type: GraphEvidence
        kind: Computed
  - type: GraphEdge
    source: "file:outputs/r-summary.csv"
    target: "dir:outputs"
    kind: PartOf
    evidence:
      - type: GraphEvidence
        kind: Observed
  - type: GraphEdge
    source: "file:outputs/r-summary.csv"
    target: "node:outputs/r-summary.csv#dtb_"
    kind: ConvertedInto
    evidence:
      - type: GraphEvidence
        kind: Observed
      - type: GraphEvidence
        kind: Computed
  - type: GraphEdge
    source: "function:scripts/analysis.R:r:csv"
    target: "code:scripts/analysis.R"
    kind: CalledBy
    evidence:
      - type: GraphEvidence
        kind: StaticAnalysis
  - type: GraphEdge
    source: "function:scripts/analysis.R:r:csv"
    target: "code:scripts/analysis.R"
    kind: PartOf
    evidence:
      - type: GraphEvidence
        kind: StaticAnalysis
  - type: GraphEdge
    source: "function:scripts/analysis.R:r:ggsave"
    target: "code:scripts/analysis.R"
    kind: CalledBy
    evidence:
      - type: GraphEvidence
        kind: StaticAnalysis
  - type: GraphEdge
    source: "function:scripts/analysis.R:r:ggsave"
    target: "code:scripts/analysis.R"
    kind: PartOf
    evidence:
      - type: GraphEvidence
        kind: StaticAnalysis
  - type: GraphEdge
    source: "function:scripts/analysis.py:python:mean"
    target: "code:scripts/analysis.py"
    kind: CalledBy
    evidence:
      - type: GraphEvidence
        kind: StaticAnalysis
  - type: GraphEdge
    source: "function:scripts/analysis.py:python:mean"
    target: "code:scripts/analysis.py"
    kind: PartOf
    evidence:
      - type: GraphEvidence
        kind: StaticAnalysis
  - type: GraphEdge
    source: "function:scripts/analysis.py:python:read_csv"
    target: "code:scripts/analysis.py"
    kind: CalledBy
    evidence:
      - type: GraphEvidence
        kind: StaticAnalysis
  - type: GraphEdge
    source: "function:scripts/analysis.py:python:read_csv"
    target: "code:scripts/analysis.py"
    kind: PartOf
    evidence:
      - type: GraphEvidence
        kind: StaticAnalysis
  - type: GraphEdge
    source: "function:scripts/analysis.py:python:savefig"
    target: "code:scripts/analysis.py"
    kind: CalledBy
    evidence:
      - type: GraphEvidence
        kind: StaticAnalysis
  - type: GraphEdge
    source: "function:scripts/analysis.py:python:savefig"
    target: "code:scripts/analysis.py"
    kind: PartOf
    evidence:
      - type: GraphEvidence
        kind: StaticAnalysis
  - type: GraphEdge
    source: "function:scripts/analysis.py:python:to_csv"
    target: "code:scripts/analysis.py"
    kind: CalledBy
    evidence:
      - type: GraphEvidence
        kind: StaticAnalysis
  - type: GraphEdge
    source: "function:scripts/analysis.py:python:to_csv"
    target: "code:scripts/analysis.py"
    kind: PartOf
    evidence:
      - type: GraphEvidence
        kind: StaticAnalysis
  - type: GraphEdge
    source: "package:cran/ggplot2"
    target: "code:scripts/analysis.R"
    kind: ImportedBy
    evidence:
      - type: GraphEvidence
        kind: StaticAnalysis
  - type: GraphEdge
    source: "package:cran/readr"
    target: "code:scripts/analysis.R"
    kind: ImportedBy
    evidence:
      - type: GraphEvidence
        kind: StaticAnalysis
  - type: GraphEdge
    source: "package:pypi/matplotlib"
    target: "code:scripts/analysis.py"
    kind: ImportedBy
    evidence:
      - type: GraphEvidence
        kind: StaticAnalysis
  - type: GraphEdge
    source: "package:pypi/pandas"
    target: "code:scripts/analysis.py"
    kind: ImportedBy
    evidence:
      - type: GraphEvidence
        kind: StaticAnalysis
  - type: GraphEdge
    source: "symbol:scripts/analysis.R:r:df"
    target: "code:scripts/analysis.R"
    kind: PartOf
    evidence:
      - type: GraphEvidence
        kind: StaticAnalysis
  - type: GraphEdge
    source: "symbol:scripts/analysis.R:r:df"
    target: "file:outputs/r-summary.csv"
    kind: DerivedInto
    evidence:
      - type: GraphEvidence
        kind: StaticAnalysis
  - type: GraphEdge
    source: "symbol:scripts/analysis.R:r:ggsave"
    target: "code:scripts/analysis.R"
    kind: UsedBy
    evidence:
      - type: GraphEvidence
        kind: StaticAnalysis
  - type: GraphEdge
    source: "symbol:scripts/analysis.R:r:ggsave"
    target: "code:scripts/analysis.R"
    kind: PartOf
    evidence:
      - type: GraphEvidence
        kind: StaticAnalysis
  - type: GraphEdge
    source: "symbol:scripts/analysis.R:r:read.csv"
    target: "code:scripts/analysis.R"
    kind: UsedBy
    evidence:
      - type: GraphEvidence
        kind: StaticAnalysis
  - type: GraphEdge
    source: "symbol:scripts/analysis.R:r:read.csv"
    target: "code:scripts/analysis.R"
    kind: PartOf
    evidence:
      - type: GraphEvidence
        kind: StaticAnalysis
  - type: GraphEdge
    source: "symbol:scripts/analysis.R:r:site"
    target: "code:scripts/analysis.R"
    kind: UsedBy
    evidence:
      - type: GraphEvidence
        kind: StaticAnalysis
  - type: GraphEdge
    source: "symbol:scripts/analysis.R:r:site"
    target: "code:scripts/analysis.R"
    kind: PartOf
    evidence:
      - type: GraphEvidence
        kind: StaticAnalysis
  - type: GraphEdge
    source: "symbol:scripts/analysis.R:r:write.csv"
    target: "code:scripts/analysis.R"
    kind: UsedBy
    evidence:
      - type: GraphEvidence
        kind: StaticAnalysis
  - type: GraphEdge
    source: "symbol:scripts/analysis.R:r:write.csv"
    target: "code:scripts/analysis.R"
    kind: PartOf
    evidence:
      - type: GraphEvidence
        kind: StaticAnalysis
  - type: GraphEdge
    source: "symbol:scripts/analysis.py:python:clean"
    target: "code:scripts/analysis.py"
    kind: PartOf
    evidence:
      - type: GraphEvidence
        kind: StaticAnalysis
  - type: GraphEdge
    source: "symbol:scripts/analysis.py:python:clean"
    target: "file:outputs/python-clean.csv"
    kind: DerivedInto
    evidence:
      - type: GraphEvidence
        kind: StaticAnalysis
  - type: GraphEdge
    source: "symbol:scripts/analysis.py:python:df"
    target: "code:scripts/analysis.py"
    kind: PartOf
    evidence:
      - type: GraphEvidence
        kind: StaticAnalysis
  - type: GraphEdge
    source: "symbol:scripts/analysis.py:python:df"
    target: "symbol:scripts/analysis.py:python:clean"
    kind: DerivedInto
    evidence:
      - type: GraphEvidence
        kind: StaticAnalysis
  - type: GraphEdge
    source: "symbol:scripts/analysis.py:python:df"
    target: "symbol:scripts/analysis.py:python:mean_count"
    kind: DerivedInto
    evidence:
      - type: GraphEvidence
        kind: StaticAnalysis
  - type: GraphEdge
    source: "symbol:scripts/analysis.py:python:loc"
    target: "code:scripts/analysis.py"
    kind: UsedBy
    evidence:
      - type: GraphEvidence
        kind: StaticAnalysis
  - type: GraphEdge
    source: "symbol:scripts/analysis.py:python:loc"
    target: "code:scripts/analysis.py"
    kind: PartOf
    evidence:
      - type: GraphEvidence
        kind: StaticAnalysis
  - type: GraphEdge
    source: "symbol:scripts/analysis.py:python:mean"
    target: "code:scripts/analysis.py"
    kind: UsedBy
    evidence:
      - type: GraphEvidence
        kind: StaticAnalysis
  - type: GraphEdge
    source: "symbol:scripts/analysis.py:python:mean"
    target: "code:scripts/analysis.py"
    kind: PartOf
    evidence:
      - type: GraphEvidence
        kind: StaticAnalysis
  - type: GraphEdge
    source: "symbol:scripts/analysis.py:python:mean_count"
    target: "code:scripts/analysis.py"
    kind: PartOf
    evidence:
      - type: GraphEvidence
        kind: StaticAnalysis
  - type: GraphEdge
    source: "symbol:scripts/analysis.py:python:pd"
    target: "code:scripts/analysis.py"
    kind: UsedBy
    evidence:
      - type: GraphEvidence
        kind: StaticAnalysis
  - type: GraphEdge
    source: "symbol:scripts/analysis.py:python:pd"
    target: "code:scripts/analysis.py"
    kind: PartOf
    evidence:
      - type: GraphEvidence
        kind: StaticAnalysis
  - type: GraphEdge
    source: "symbol:scripts/analysis.py:python:plt"
    target: "code:scripts/analysis.py"
    kind: UsedBy
    evidence:
      - type: GraphEvidence
        kind: StaticAnalysis
  - type: GraphEdge
    source: "symbol:scripts/analysis.py:python:plt"
    target: "code:scripts/analysis.py"
    kind: PartOf
    evidence:
      - type: GraphEvidence
        kind: StaticAnalysis
  - type: GraphEdge
    source: "symbol:scripts/analysis.py:python:pyplot"
    target: "code:scripts/analysis.py"
    kind: UsedBy
    evidence:
      - type: GraphEvidence
        kind: StaticAnalysis
  - type: GraphEdge
    source: "symbol:scripts/analysis.py:python:pyplot"
    target: "code:scripts/analysis.py"
    kind: PartOf
    evidence:
      - type: GraphEvidence
        kind: StaticAnalysis
  - type: GraphEdge
    source: "symbol:scripts/analysis.py:python:read_csv"
    target: "code:scripts/analysis.py"
    kind: UsedBy
    evidence:
      - type: GraphEvidence
        kind: StaticAnalysis
  - type: GraphEdge
    source: "symbol:scripts/analysis.py:python:read_csv"
    target: "code:scripts/analysis.py"
    kind: PartOf
    evidence:
      - type: GraphEvidence
        kind: StaticAnalysis
  - type: GraphEdge
    source: "symbol:scripts/analysis.py:python:savefig"
    target: "code:scripts/analysis.py"
    kind: UsedBy
    evidence:
      - type: GraphEvidence
        kind: StaticAnalysis
  - type: GraphEdge
    source: "symbol:scripts/analysis.py:python:savefig"
    target: "code:scripts/analysis.py"
    kind: PartOf
    evidence:
      - type: GraphEvidence
        kind: StaticAnalysis
  - type: GraphEdge
    source: "symbol:scripts/analysis.py:python:to_csv"
    target: "code:scripts/analysis.py"
    kind: UsedBy
    evidence:
      - type: GraphEvidence
        kind: StaticAnalysis
  - type: GraphEdge
    source: "symbol:scripts/analysis.py:python:to_csv"
    target: "code:scripts/analysis.py"
    kind: PartOf
    evidence:
      - type: GraphEvidence
        kind: StaticAnalysis
