---
source: rust/parser-py/src/lib.rs
assertion_line: 227
expression: parse_info
input_file: fixtures/fragments/py/assigns.py
---
{
  "syntaxErrors": false,
  "semanticDigest": 11964046020285599342,
  "executionDependencies": [],
  "executionDependents": [
    {
      "type": "ExecutionDependent",
      "dependentNode": {
        "type": "Variable",
        "name": "var1",
        "kind": "Integer",
        "namespace": "fragments/py/assigns.py"
      },
      "dependentRelation": "Assigns",
      "codeLocation": [
        0,
        0,
        0,
        4
      ]
    },
    {
      "type": "ExecutionDependent",
      "dependentNode": {
        "type": "Variable",
        "name": "var2",
        "namespace": "fragments/py/assigns.py"
      },
      "dependentRelation": "Assigns",
      "codeLocation": [
        1,
        0,
        1,
        4
      ]
    },
    {
      "type": "ExecutionDependent",
      "dependentNode": {
        "type": "Variable",
        "name": "fun1",
        "kind": "Function",
        "namespace": "fragments/py/assigns.py"
      },
      "dependentRelation": "Declares",
      "codeLocation": [
        3,
        4,
        3,
        8
      ]
    },
    {
      "type": "ExecutionDependent",
      "dependentNode": {
        "type": "Variable",
        "name": "fun2",
        "kind": "Function",
        "namespace": "fragments/py/assigns.py"
      },
      "dependentRelation": "Assigns",
      "codeLocation": [
        4,
        0,
        4,
        4
      ]
    },
    {
      "type": "ExecutionDependent",
      "dependentNode": {
        "type": "Variable",
        "name": "var3",
        "kind": "Boolean",
        "namespace": "fragments/py/assigns.py"
      },
      "dependentRelation": "Assigns",
      "codeLocation": [
        6,
        0,
        6,
        4
      ]
    },
    {
      "type": "ExecutionDependent",
      "dependentNode": {
        "type": "Variable",
        "name": "var4",
        "kind": "Boolean",
        "namespace": "fragments/py/assigns.py"
      },
      "dependentRelation": "Assigns",
      "codeLocation": [
        7,
        0,
        7,
        4
      ]
    },
    {
      "type": "ExecutionDependent",
      "dependentNode": {
        "type": "Variable",
        "name": "var5",
        "kind": "Integer",
        "namespace": "fragments/py/assigns.py"
      },
      "dependentRelation": "Assigns",
      "codeLocation": [
        8,
        0,
        8,
        4
      ]
    },
    {
      "type": "ExecutionDependent",
      "dependentNode": {
        "type": "Variable",
        "name": "var6",
        "kind": "Number",
        "namespace": "fragments/py/assigns.py"
      },
      "dependentRelation": "Assigns",
      "codeLocation": [
        9,
        0,
        9,
        4
      ]
    },
    {
      "type": "ExecutionDependent",
      "dependentNode": {
        "type": "Variable",
        "name": "var7",
        "kind": "String",
        "namespace": "fragments/py/assigns.py"
      },
      "dependentRelation": "Assigns",
      "codeLocation": [
        10,
        0,
        10,
        4
      ]
    },
    {
      "type": "ExecutionDependent",
      "dependentNode": {
        "type": "Variable",
        "name": "var8",
        "kind": "Array",
        "namespace": "fragments/py/assigns.py"
      },
      "dependentRelation": "Assigns",
      "codeLocation": [
        11,
        0,
        11,
        4
      ]
    },
    {
      "type": "ExecutionDependent",
      "dependentNode": {
        "type": "Variable",
        "name": "var9",
        "kind": "Object",
        "namespace": "fragments/py/assigns.py"
      },
      "dependentRelation": "Assigns",
      "codeLocation": [
        12,
        0,
        12,
        4
      ]
    }
  ],
  "executionTags": []
}
