---
source: rust/parser-py/src/lib.rs
assertion_line: 254
expression: resource_info
input_file: fixtures/fragments/py/imports.py

---
{
  "resource": {
    "type": "Code",
    "path": "fragments/py/imports.py",
    "id": "",
    "kind": "SoftwareSourceCode",
    "language": "Python"
  },
  "relations": [
    [
      {
        "type": "Use",
        "range": [
          0,
          7,
          0,
          15
        ]
      },
      {
        "type": "Module",
        "language": "python",
        "name": "module_1"
      }
    ],
    [
      {
        "type": "Use",
        "range": [
          1,
          5,
          1,
          13
        ]
      },
      {
        "type": "Module",
        "language": "python",
        "name": "module_2"
      }
    ],
    [
      {
        "type": "Use",
        "range": [
          2,
          5,
          2,
          13
        ]
      },
      {
        "type": "Module",
        "language": "python",
        "name": "module_3"
      }
    ],
    [
      {
        "type": "Use",
        "range": [
          3,
          5,
          3,
          13
        ]
      },
      {
        "type": "Module",
        "language": "python",
        "name": "module_4"
      }
    ]
  ],
  "autorun": "Needed",
  "compile_digest": "Oqt4L8akhBW5pbQDXQbiNyEF6eYU67_Lm4hN1d6QS4A.lspxmotfHNrlKE5gfUSiclNyr9mySjuIa1pzs0WxKdc..0"
}
