 start    end    offsets   node_id                  node_type+property
     0      5        0/5   txt_11111111             Text
    14     23      14/18   txt_11111112             Text
    14     23        0/0   ini_11111113             InsertInline.content
     5     25       -9/2   ini_11111113             InsertInline
    25     30       20/5   txt_11111114             Text
     0     30      -25/0   pgh_11111115             Paragraph.content
     0     31        0/1   pgh_11111115             Paragraph
    32     56      32/25   txt_11111116             Text
    67     86      35/30   txt_11111117             Text
    67     86        0/0   str_11111118             Strong.content
    65     88       -2/2   str_11111118             Strong
    88     93       23/5   txt_11111119             Text
    94    107       6/14   txt_1111111A             Text
    94    107        0/0   sup_1111111B             Superscript.content
    93    108       -1/1   sup_1111111B             Superscript
   108    113       15/5   txt_1111111C             Text
   114    119        6/6   cde_1111111D             CodeExpression.code
   113    126       -1/7   cde_1111111D             CodeExpression
    65    126      -48/0   ini_1111111E             InsertInline.content
    56    128       -9/2   ini_1111111E             InsertInline
   128    129       72/1   txt_1111111F             Text
    32    129      -96/0   pgh_1111111G             Paragraph.content
    32    130        0/1   pgh_1111111G             Paragraph
     0    131      -32/1   art_1111111H             Article.content
     0    130       0/-1   art_1111111H             Article
