 start    end    offsets   node_id                  node_type+property
     0     13       0/13   txt_11111111             Text
     0     13        0/0   pgh_11111112             Paragraph.content
     0     14        0/1   pgh_11111112             Paragraph
    16     21       16/7   tbc_11111115             TableCell
    22     27        6/6   tbc_11111118             TableCell
    28     33        6/6   tbc_1111111B             TableCell
    15     35      -13/2   tbr_1111111C             TableRow
    56     61      41/26   tbc_1111111F             TableCell
    62     67        6/6   tbc_1111111J             TableCell
    68     73        6/6   tbc_1111111M             TableCell
    55     75      -13/2   tbr_1111111N             TableRow
    76     81       21/6   tbc_1111111R             TableCell
    82     87        6/6   tbc_1111111U             TableCell
    88     93        6/6   tbc_1111111X             TableCell
    75     95      -13/2   tbr_1111111Y             TableRow
    15     95      -60/0   tbl_1111111Z             Table
    96    118      81/23   txt_1111111a             Text
    96    118        0/0   pgh_1111111b             Paragraph.content
    96    119        0/1   pgh_1111111b             Paragraph
   121    126       25/7   tbc_1111111e             TableCell
   127    132        6/6   tbc_1111111h             TableCell
   120    134       -7/2   tbr_1111111i             TableRow
   149    154      29/20   tbc_1111111m             TableCell
   155    160        6/6   tbc_1111111n             TableCell
   148    162       -7/2   tbr_1111111o             TableRow
   163    168       15/6   tbc_1111111p             TableCell
   169    174        6/6   tbc_1111111s             TableCell
   162    176       -7/2   tbr_1111111t             TableRow
   120    176      -42/0   tbl_1111111u             Table
   177    210      57/34   txt_1111111v             Text
   177    210        0/0   pgh_1111111w             Paragraph.content
   177    211        0/1   pgh_1111111w             Paragraph
   222    223      45/12   tbl_11111112G            Table.label
   225    237       3/14   txt_1111111x             Text
   225    237        0/0   pgh_1111111y             Paragraph.content
   225    238        0/1   pgh_1111111y             Paragraph
   225    239        0/1   tbl_11111112G            Table.caption
   240    245       15/6   tbc_111111122            TableCell
   246    251        6/6   tbc_111111125            TableCell
   239    253       -7/2   tbr_111111126            TableRow
   268    273      29/20   tbc_111111129            TableCell
   274    279        6/6   tbc_11111112C            TableCell
   267    281       -7/2   tbr_11111112D            TableRow
   282    293      15/12   txt_11111112E            Text
   282    293        0/0   pgh_11111112F            Paragraph.content
   282    294        0/1   pgh_11111112F            Paragraph
   282    295        0/1   tbl_11111112G            Table.notes
   212    299      -70/4   tbl_11111112G            Table
     0    300     -212/1   art_11111112H            Article.content
     0    299       0/-1   art_11111112H            Article
