start     end        offsets   node_type+property                   authorship
     4     13        (4, 13)   Claim.claimType
    14     21        (10, 8)   Claim.label
    23     30         (9, 9)   Claim.id
    39     49       (16, 19)   Text.value
    39     49         (0, 0)   Text
    39     49         (0, 0)   Claim.title
    65     76       (26, 27)   Claim.relations
    78    113       (13, 37)   Text.value
    78    113         (0, 0)   Text
    78    113         (0, 0)   Paragraph.content
    78    114         (0, 1)   Paragraph
    78    115         (0, 1)   Claim.content
     0    119       (-78, 4)   Claim
   133    143      (133, 24)   Evidence.label
   145    155       (12, 12)   Evidence.id
   164    176       (19, 21)   Text.value
   164    176         (0, 0)   Text
   164    176         (0, 0)   Evidence.title
   188    196       (24, 20)   Evidence.relations
   206    222       (18, 26)   Evidence.extra
   224    263       (18, 41)   Text.value
   224    263         (0, 0)   Text
   224    263         (0, 0)   Paragraph.content
   224    264         (0, 1)   Paragraph
   224    265         (0, 1)   Evidence.content
   120    269      (-104, 4)   Evidence
   283    293      (163, 24)   Question.label
   295    305       (12, 12)   Question.id
   314    331       (19, 26)   Text.value
   314    331         (0, 0)   Text
   314    331         (0, 0)   Question.title
   347    355       (33, 24)   Question.relations
   357    396       (10, 41)   Text.value
   357    396         (0, 0)   Text
   357    396         (0, 0)   Paragraph.content
   357    397         (0, 1)   Paragraph
   357    398         (0, 1)   Question.content
   270    402       (-87, 4)   Question
   416    426      (146, 24)   Protocol.label
   428    438       (12, 12)   Protocol.id
   447    461       (19, 23)   Text.value
   447    461         (0, 0)   Text
   447    461         (0, 0)   Protocol.title
   472    510       (25, 49)   Protocol.relations
   512    562       (40, 52)   Text.value
   512    562         (0, 0)   Text
   512    562         (0, 0)   Paragraph.content
   512    563         (0, 1)   Paragraph
   512    564         (0, 1)   Protocol.content
   403    568      (-109, 4)   Protocol
   581    590      (178, 22)   Request.label
   592    601       (11, 11)   Request.id
   610    629       (18, 28)   Text.value
   610    629         (0, 0)   Text
   610    629         (0, 0)   Request.title
   647    655       (37, 26)   Request.relations
   667    668       (20, 13)   Request.extra
   670    709        (3, 41)   Text.value
   670    709         (0, 0)   Text
   670    709         (0, 0)   Paragraph.content
   670    710         (0, 1)   Paragraph
   670    711         (0, 1)   Request.content
   569    715      (-101, 4)   Request
     0    716      (-569, 1)   Article.content
     0    716         (0, 0)   Article
