---
source: rust/tasks/src/taskfile.rs
assertion_line: 2007
expression: yaml
input_file: fixtures/taskfiles/watches.yaml
---
version: '3'

tasks:
  default:
    silent: true
    watches: watches.yaml
    cmds:
    - echo "This is {{.TASK}} at $(date)"

  with-options:
    silent: true
    watches:
      files: '*'
      delay: 1
    cmds:
    - echo "This is {{.TASK}} at $(date)"

  multi:
    silent: true
    watches:
    - README.md
    - watches.yaml
    cmds:
    - echo "This is {{.TASK}} at $(date)"

