---
source: rust/codec-openalex/tests/examples.rs
expression: node
---
{
  "type": "Person",
  "affiliations": [
    {
      "type": "Organization",
      "name": "Instituto Jalisciense de Cancerología",
      "ror": "04bzrjn90",
      "identifiers": [
        "https://openalex.org/I4210141302"
      ]
    },
    {
      "type": "Organization",
      "name": "Centro de Epilepsia y Neurocirugía Funcional",
      "ror": "036gb6b33",
      "identifiers": [
        "https://openalex.org/I4210130711"
      ]
    }
  ],
  "familyNames": [
    "Cuellar-Espinosa"
  ],
  "givenNames": [
    "Luz"
  ],
  "identifiers": [
    "https://openalex.org/A5080056684"
  ],
  "name": "Luz A Cuellar-Espinosa"
}
