start     end        offsets   node_type+property                   authorship
     0     35        (0, 35)   Text.value
     0     35         (0, 0)   Text
     0     35         (0, 0)   Paragraph.content
     0     36         (0, 1)   Paragraph
    49    108       (49, 72)   StyledBlock.code
   110    131       (61, 23)   Text.value
   110    131         (0, 0)   Text
   110    131         (0, 0)   Paragraph.content
   110    132         (0, 1)   Paragraph
   133    154       (23, 22)   Text.value
   133    154         (0, 0)   Text
   133    154         (0, 0)   Paragraph.content
   133    155         (0, 1)   Paragraph
   110    156       (-23, 1)   StyledBlock.content
    37    160       (-73, 4)   StyledBlock
   161    191      (124, 31)   Text.value
   161    191         (0, 0)   Text
   161    191         (0, 0)   Paragraph.content
   161    192         (0, 1)   Paragraph
   205    214       (44, 22)   StyledBlock.code
   216    233       (11, 19)   Text.value
   216    233         (0, 0)   Text
   216    233         (0, 0)   Paragraph.content
   216    234         (0, 1)   Paragraph
   216    235         (0, 1)   StyledBlock.content
   193    239       (-23, 4)   StyledBlock
   240    261       (47, 22)   Text.value
   240    261         (0, 0)   Text
   240    261         (0, 0)   Paragraph.content
   240    262         (0, 1)   Paragraph
   275    289       (35, 27)   StyledBlock.code
   291    307       (16, 18)   Text.value
   291    307         (0, 0)   Text
   291    307         (0, 0)   Paragraph.content
   291    308         (0, 1)   Paragraph
   323    334       (32, 26)   StyledBlock.code
   336    352       (13, 18)   Text.value
   336    352         (0, 0)   Text
   336    352         (0, 0)   Paragraph.content
   336    353         (0, 1)   Paragraph
   336    354         (0, 1)   StyledBlock.content
   309    360       (-27, 6)   StyledBlock
   291    361       (-18, 1)   StyledBlock.content
   263    365       (-28, 4)   StyledBlock
   366    401      (103, 36)   Text.value
   366    401         (0, 0)   Text
   366    401         (0, 0)   Paragraph.content
   366    402         (0, 1)   Paragraph
   415    446       (49, 44)   StyledBlock.code
   448    477       (33, 31)   Text.value
   448    477         (0, 0)   Text
   448    477         (0, 0)   Paragraph.content
   448    478         (0, 1)   Paragraph
   448    479         (0, 1)   StyledBlock.content
   403    483       (-45, 4)   StyledBlock
     0    484      (-403, 1)   Article.content
     0    484         (0, 0)   Article
