start     end        offsets   node_type+property                   authorship
     0    106       (0, 106)   Text.value
     0    106         (0, 0)   Text
     0    106         (0, 0)   Paragraph.content
     0    107         (0, 1)   Paragraph
   108    109       (108, 2)   Heading.level
   110    132        (2, 23)   Text.value
   110    132         (0, 0)   Text
   110    132         (0, 0)   Heading.content
   108    133        (-2, 1)   Heading
   134    133        (26, 0)   InstructionBlock
   134    133         (0, 0)   InstructionBlock
   134    178        (0, 45)   Text.value
   134    178         (0, 0)   Text
   134    178         (0, 0)   Paragraph.content
   134    179         (0, 1)   Paragraph
   180    181        (46, 2)   Heading.level
   182    207        (2, 26)   Text.value
   182    207         (0, 0)   Text
   182    207         (0, 0)   Heading.content
   180    208        (-2, 1)   Heading
   209    226       (29, 18)   Text.value
   209    226         (0, 0)   Text
   209    226         (0, 0)   Paragraph.content
   209    227         (0, 1)   Paragraph
   209    228         (0, 1)   InstructionBlock.content
   209    227        (0, -1)   InstructionBlock
   228    272       (19, 45)   Text.value
   228    272         (0, 0)   Text
   228    272         (0, 0)   Paragraph.content
   228    273         (0, 1)   Paragraph
   228    274         (0, 1)   InstructionBlock.content
   228    273        (0, -1)   InstructionBlock
   274    297       (46, 24)   Text.value
   274    297         (0, 0)   Text
   274    297         (0, 0)   Paragraph.content
   274    298         (0, 1)   Paragraph
   303    309       (29, 11)   CodeChunk.programmingLanguage
   311    312         (8, 3)   CodeChunk.code
   299    316       (-12, 4)   CodeChunk
   299    318         (0, 2)   InstructionBlock.content
   299    317        (0, -1)   InstructionBlock
   331    338       (32, 21)   Admonition.admonitionType
   340    357        (9, 19)   Text.value
   340    357         (0, 0)   Text
   340    357         (0, 0)   Paragraph.content
   340    358         (0, 1)   Paragraph
   340    359         (0, 1)   Admonition.content
   318    362       (-22, 3)   Admonition
   318    363         (0, 1)   InstructionBlock.content
   318    362        (0, -1)   InstructionBlock
   363    409       (45, 47)   Text.value
   363    409         (0, 0)   Text
   363    409         (0, 0)   Paragraph.content
   363    410         (0, 1)   Paragraph
   411    412        (48, 2)   Heading.level
   413    428        (2, 16)   Text.value
   413    428         (0, 0)   Text
   413    428         (0, 0)   Heading.content
   411    429        (-2, 1)   Heading
   430    450       (19, 21)   Text.value
   430    450         (0, 0)   Text
   430    450         (0, 0)   Paragraph.content
   430    451         (0, 1)   Paragraph
   452    472       (22, 21)   Text.value
   452    472         (0, 0)   Text
   452    472         (0, 0)   Paragraph.content
   452    473         (0, 1)   Paragraph
   430    474       (-22, 1)   InstructionBlock.content
   430    473        (0, -1)   InstructionBlock
     0    474      (-430, 1)   Article.content
     0    474         (0, 0)   Article
