---
source: rust/schema/tests/merge.rs
expression: "Fixture { old, new, ops }"
---
old:
  type: Article
  content:
    - type: Paragraph
      content:
        - type: Text
          value: A note.
        - type: Note
          noteType: Footnote
          content:
            - type: Paragraph
              content:
                - type: Text
                  value: A footnote
    - type: Paragraph
      content:
        - type: Text
          value: More notes.
        - type: Note
          noteType: Footnote
          content:
            - type: Paragraph
              content:
                - type: Text
                  value: A footnote with...
            - type: Paragraph
              content:
                - type: Text
                  value: "some text:"
            - type: QuoteBlock
              content:
                - type: Paragraph
                  content:
                    - type: Text
                      value: and a quote
new:
  type: Article
  content:
    - type: Paragraph
      content:
        - type: Text
          value: A note.
        - type: Note
          noteType: Footnote
          content:
            - type: Paragraph
              content:
                - type: Text
                  value: A footnote
    - type: Paragraph
      content:
        - type: Text
          value: More notes.
        - type: Note
          noteType: Footnote
          content:
            - type: Paragraph
              content:
                - type: Text
                  value: A footnote with...
            - type: QuoteBlock
              content:
                - type: Paragraph
                  content:
                    - type: Text
                      value: added quote.
            - type: Paragraph
              content:
                - type: Text
                  value: "some text:"
            - type: QuoteBlock
              content:
                - type: Paragraph
                  content:
                    - type: Text
                      value: and a quote
ops:
  - - - content
      - 1
      - content
      - 1
      - content
    - Insert:
        - - 1
          - type: QuoteBlock
            content:
              - type: Paragraph
                content:
                  - type: Text
                    value: added quote.
