---
source: rust/src/methods/encode/html.rs
expression: encoded
input_file: fixtures/fragments/html/audio.html

---
<article slot="root" itemtype="https://schema.org/Article" itemscope>
  <div slot="content">
    <p slot="0" itemtype="https://stenci.la/Paragraph" itemscope>
      <span slot="content">
        <span slot="0">
        </span>
        <audio slot="1" itemtype="https://schema.org/AudioObject" itemscope  controls src="audio.mp3">
        </audio>
      </span>
    </p>
  </div>
</article>
