---
source: rust/node-merge/tests/condense.rs
expression: "condense!(r#\"\n::: if a < 1\n\nClause 1.\n\n::: elif a > 2 {python}\n\nClause 2.\n\n::: else\n\nClause 3.\n\n:::\n\"#)"
---
0                                                                                                                                                                  Article>                           
1    art_1111111B                                                      Article:content.0                                                                           IfBlock>                           
2    art_1111111B.ifb_11111112                                         Article:content.0.IfBlock:clauses.0                                                         IfBlockClause>                     
3    art_1111111B.ifb_11111112.ibc_11111111                            Article:content.0.IfBlock:clauses.0.IfBlockClause:code                                      IfBlockClause:code                 "a < 1"
4    art_1111111B.ifb_11111112.ibc_11111111                            Article:content.0.IfBlock:clauses.0.IfBlockClause:content.0                                 Paragraph>                         
5    art_1111111B.ifb_11111112.ibc_11111111.pgh_11111114               Article:content.0.IfBlock:clauses.0.IfBlockClause:content.0.Paragraph:content.0             Text>                              
6    art_1111111B.ifb_11111112.ibc_11111111.pgh_11111114.txt_11111113  Article:content.0.IfBlock:clauses.0.IfBlockClause:content.0.Paragraph:content.0.Text:value  Text:value                         "Clause 1."
7    art_1111111B.ifb_11111112.ibc_11111111.pgh_11111114               Article:content.0.IfBlock:clauses.0.IfBlockClause:content.0.Paragraph:content.0             Text<                              
8    art_1111111B.ifb_11111112.ibc_11111111                            Article:content.0.IfBlock:clauses.0.IfBlockClause:content.0                                 Paragraph<                         
9    art_1111111B.ifb_11111112                                         Article:content.0.IfBlock:clauses.0                                                         IfBlockClause<                     
10   art_1111111B.ifb_11111112                                         Article:content.0.IfBlock:clauses.1                                                         IfBlockClause>                     
11   art_1111111B.ifb_11111112.ibc_11111115                            Article:content.0.IfBlock:clauses.1.IfBlockClause:code                                      IfBlockClause:code                 "a > 2"
12   art_1111111B.ifb_11111112.ibc_11111115                            Article:content.0.IfBlock:clauses.1.IfBlockClause:programmingLanguage                       IfBlockClause:programmingLanguage  "python"
13   art_1111111B.ifb_11111112.ibc_11111115                            Article:content.0.IfBlock:clauses.1.IfBlockClause:content.0                                 Paragraph>                         
14   art_1111111B.ifb_11111112.ibc_11111115.pgh_11111117               Article:content.0.IfBlock:clauses.1.IfBlockClause:content.0.Paragraph:content.0             Text>                              
15   art_1111111B.ifb_11111112.ibc_11111115.pgh_11111117.txt_11111116  Article:content.0.IfBlock:clauses.1.IfBlockClause:content.0.Paragraph:content.0.Text:value  Text:value                         "Clause 2."
16   art_1111111B.ifb_11111112.ibc_11111115.pgh_11111117               Article:content.0.IfBlock:clauses.1.IfBlockClause:content.0.Paragraph:content.0             Text<                              
17   art_1111111B.ifb_11111112.ibc_11111115                            Article:content.0.IfBlock:clauses.1.IfBlockClause:content.0                                 Paragraph<                         
18   art_1111111B.ifb_11111112                                         Article:content.0.IfBlock:clauses.1                                                         IfBlockClause<                     
19   art_1111111B.ifb_11111112                                         Article:content.0.IfBlock:clauses.2                                                         IfBlockClause>                     
20   art_1111111B.ifb_11111112.ibc_11111118                            Article:content.0.IfBlock:clauses.2.IfBlockClause:code                                      IfBlockClause:code                 ""
21   art_1111111B.ifb_11111112.ibc_11111118                            Article:content.0.IfBlock:clauses.2.IfBlockClause:content.0                                 Paragraph>                         
22   art_1111111B.ifb_11111112.ibc_11111118.pgh_1111111A               Article:content.0.IfBlock:clauses.2.IfBlockClause:content.0.Paragraph:content.0             Text>                              
23   art_1111111B.ifb_11111112.ibc_11111118.pgh_1111111A.txt_11111119  Article:content.0.IfBlock:clauses.2.IfBlockClause:content.0.Paragraph:content.0.Text:value  Text:value                         "Clause 3."
24   art_1111111B.ifb_11111112.ibc_11111118.pgh_1111111A               Article:content.0.IfBlock:clauses.2.IfBlockClause:content.0.Paragraph:content.0             Text<                              
25   art_1111111B.ifb_11111112.ibc_11111118                            Article:content.0.IfBlock:clauses.2.IfBlockClause:content.0                                 Paragraph<                         
26   art_1111111B.ifb_11111112                                         Article:content.0.IfBlock:clauses.2                                                         IfBlockClause<                     
27   art_1111111B                                                      Article:content.0                                                                           IfBlock<                           
28                                                                                                                                                                 Article<
