---
source: rust/node-merge/tests/condense.rs
expression: "condense!(r#\"\n::: for item in [1,2,3]\n\nContent.\n\n::: else\n\nNo items.\n\n:::\n\"#)"
---
0                                                                                                                                Article>           
1    art_11111116                                         Article:content.0                                                      ForBlock>          
2    art_11111116.frb_11111111                            Article:content.0.ForBlock:code                                        ForBlock:code      "[1,2,3]"
3    art_11111116.frb_11111111                            Article:content.0.ForBlock:variable                                    ForBlock:variable  "item"
4    art_11111116.frb_11111111                            Article:content.0.ForBlock:content.0                                   Paragraph>         
5    art_11111116.frb_11111111.pgh_11111113               Article:content.0.ForBlock:content.0.Paragraph:content.0               Text>              
6    art_11111116.frb_11111111.pgh_11111113.txt_11111112  Article:content.0.ForBlock:content.0.Paragraph:content.0.Text:value    Text:value         "Content."
7    art_11111116.frb_11111111.pgh_11111113               Article:content.0.ForBlock:content.0.Paragraph:content.0               Text<              
8    art_11111116.frb_11111111                            Article:content.0.ForBlock:content.0                                   Paragraph<         
9    art_11111116.frb_11111111                            Article:content.0.ForBlock:otherwise.0                                 Paragraph>         
10   art_11111116.frb_11111111.pgh_11111115               Article:content.0.ForBlock:otherwise.0.Paragraph:content.0             Text>              
11   art_11111116.frb_11111111.pgh_11111115.txt_11111114  Article:content.0.ForBlock:otherwise.0.Paragraph:content.0.Text:value  Text:value         "No items."
12   art_11111116.frb_11111111.pgh_11111115               Article:content.0.ForBlock:otherwise.0.Paragraph:content.0             Text<              
13   art_11111116.frb_11111111                            Article:content.0.ForBlock:otherwise.0                                 Paragraph<         
14   art_11111116                                         Article:content.0                                                      ForBlock<          
15                                                                                                                               Article<
