---
source: rust/node-merge/tests/condense.rs
expression: "condense!(r#\"\n::: Introduction\n\nOne.\n\n:::\n\n::: Methods\n\nTwo.\n\n:::\n\n::: Discussion\n\nThree.\n\n:::\n\"#)"
---
0    art_1111111A.sec_11111111.pgh_11111113.txt_11111112  Article:content.0.Section:content.0.Paragraph:content.0.Text:value  Text:value           "One."
1    art_1111111A.sec_11111111                            Article:content.0.Section:sectionType                               Section:sectionType  "Introduction"
2    art_1111111A.sec_11111114.pgh_11111116.txt_11111115  Article:content.1.Section:content.0.Paragraph:content.0.Text:value  Text:value           "Two."
3    art_1111111A.sec_11111114                            Article:content.1.Section:sectionType                               Section:sectionType  "Methods"
4    art_1111111A.sec_11111117.pgh_11111119.txt_11111118  Article:content.2.Section:content.0.Paragraph:content.0.Text:value  Text:value           "Three."
5    art_1111111A.sec_11111117                            Article:content.2.Section:sectionType                               Section:sectionType  "Discussion"
