---
source: rust/node-merge/tests/condense.rs
expression: "condense!(r#\"\nOne [](image1.png) and https://example.org.\n\nTwo [alt](https://example.org/image2.png \"title\").\n\"#)"
---
0                                                                                                                          Article>     
1    art_1111111D                                         Article:content.0                                                Paragraph>   
2    art_1111111D.pgh_11111117                            Article:content.0.Paragraph:content.0                            Text>        
3    art_1111111D.pgh_11111117.txt_11111111               Article:content.0.Paragraph:content.0.Text:value                 Text:value   "One "
4    art_1111111D.pgh_11111117                            Article:content.0.Paragraph:content.0                            Text<        
5    art_1111111D.pgh_11111117                            Article:content.0.Paragraph:content.1                            Link>        
6    art_1111111D.pgh_11111117.lin_11111112               Article:content.0.Paragraph:content.1.Link:target                Link:target  "image1.png"
7    art_1111111D.pgh_11111117                            Article:content.0.Paragraph:content.1                            Link<        
8    art_1111111D.pgh_11111117                            Article:content.0.Paragraph:content.2                            Text>        
9    art_1111111D.pgh_11111117.txt_11111113               Article:content.0.Paragraph:content.2.Text:value                 Text:value   " and "
10   art_1111111D.pgh_11111117                            Article:content.0.Paragraph:content.2                            Text<        
11   art_1111111D.pgh_11111117                            Article:content.0.Paragraph:content.3                            Link>        
12   art_1111111D.pgh_11111117.lin_11111115               Article:content.0.Paragraph:content.3.Link:content.0             Text>        
13   art_1111111D.pgh_11111117.lin_11111115.txt_11111114  Article:content.0.Paragraph:content.3.Link:content.0.Text:value  Text:value   "https://example.org"
14   art_1111111D.pgh_11111117.lin_11111115               Article:content.0.Paragraph:content.3.Link:content.0             Text<        
15   art_1111111D.pgh_11111117.lin_11111115               Article:content.0.Paragraph:content.3.Link:target                Link:target  "https://example.org"
16   art_1111111D.pgh_11111117                            Article:content.0.Paragraph:content.3                            Link<        
17   art_1111111D.pgh_11111117                            Article:content.0.Paragraph:content.4                            Text>        
18   art_1111111D.pgh_11111117.txt_11111116               Article:content.0.Paragraph:content.4.Text:value                 Text:value   "."
19   art_1111111D.pgh_11111117                            Article:content.0.Paragraph:content.4                            Text<        
20   art_1111111D                                         Article:content.0                                                Paragraph<   
21   art_1111111D                                         Article:content.1                                                Paragraph>   
22   art_1111111D.pgh_1111111C                            Article:content.1.Paragraph:content.0                            Text>        
23   art_1111111D.pgh_1111111C.txt_11111118               Article:content.1.Paragraph:content.0.Text:value                 Text:value   "Two "
24   art_1111111D.pgh_1111111C                            Article:content.1.Paragraph:content.0                            Text<        
25   art_1111111D.pgh_1111111C                            Article:content.1.Paragraph:content.1                            Link>        
26   art_1111111D.pgh_1111111C.lin_1111111A               Article:content.1.Paragraph:content.1.Link:content.0             Text>        
27   art_1111111D.pgh_1111111C.lin_1111111A.txt_11111119  Article:content.1.Paragraph:content.1.Link:content.0.Text:value  Text:value   "alt"
28   art_1111111D.pgh_1111111C.lin_1111111A               Article:content.1.Paragraph:content.1.Link:content.0             Text<        
29   art_1111111D.pgh_1111111C.lin_1111111A               Article:content.1.Paragraph:content.1.Link:target                Link:target  "https://example.org/image2.png"
30   art_1111111D.pgh_1111111C.lin_1111111A               Article:content.1.Paragraph:content.1.Link:title                 Link:title   "title"
31   art_1111111D.pgh_1111111C                            Article:content.1.Paragraph:content.1                            Link<        
32   art_1111111D.pgh_1111111C                            Article:content.1.Paragraph:content.2                            Text>        
33   art_1111111D.pgh_1111111C.txt_1111111B               Article:content.1.Paragraph:content.2.Text:value                 Text:value   "."
34   art_1111111D.pgh_1111111C                            Article:content.1.Paragraph:content.2                            Text<        
35   art_1111111D                                         Article:content.1                                                Paragraph<   
36                                                                                                                         Article<
