start     end        offsets   node_type+property                   authorship
     0     17        (0, 17)   Text.value
     0     17         (0, 0)   Text
     0     17         (0, 0)   Paragraph.content
     0     18         (0, 1)   Paragraph
    27     31       (27, 13)   ForBlock.variable
    35     42        (8, 11)   ForBlock.code
    44    103        (9, 61)   Text.value
    44    103         (0, 0)   Text
   106    110        (62, 7)   CodeExpression.code
   103    113        (-3, 3)   CodeExpression
    44    113       (-59, 0)   Paragraph.content
    44    114         (0, 1)   Paragraph
    44    115         (0, 1)   ForBlock.content
    19    119       (-25, 4)   ForBlock
   120    157      (101, 38)   Text.value
   120    157         (0, 0)   Text
   120    157         (0, 0)   Paragraph.content
   120    158         (0, 1)   Paragraph
   167    171       (47, 13)   ForBlock.variable
   175    182        (8, 11)   ForBlock.code
   184    190         (9, 8)   ForBlock.programmingLanguage
   193    217        (9, 27)   Text.value
   193    217         (0, 0)   Text
   193    217         (0, 0)   Paragraph.content
   193    218         (0, 1)   Paragraph
   193    219         (0, 1)   ForBlock.content
   159    223       (-34, 4)   ForBlock
   224    240       (65, 17)   Text.value
   224    240         (0, 0)   Text
   224    240         (0, 0)   Paragraph.content
   224    241         (0, 1)   Paragraph
   250    255       (26, 14)   ForBlock.variable
   259    283        (9, 28)   ForBlock.code
   295    300       (36, 17)   ForBlock.variable
   304    309         (9, 9)   ForBlock.code
   311    363        (7, 54)   Text.value
   311    363         (0, 0)   Text
   366    371        (55, 8)   CodeExpression.code
   363    374        (-3, 3)   CodeExpression
   311    374       (-52, 0)   Paragraph.content
   311    375         (0, 1)   Paragraph
   311    376         (0, 1)   ForBlock.content
   285    382       (-26, 6)   ForBlock
   285    383         (0, 1)   ForBlock.content
   242    387       (-43, 4)   ForBlock
   388    407      (146, 20)   Text.value
   388    407         (0, 0)   Text
   388    407         (0, 0)   Paragraph.content
   388    408         (0, 1)   Paragraph
   417    421       (29, 13)   ForBlock.variable
   425    427         (8, 6)   ForBlock.code
   429    456        (4, 29)   Text.value
   429    456         (0, 0)   Text
   429    456         (0, 0)   Paragraph.content
   429    457         (0, 1)   Paragraph
   429    458         (0, 1)   ForBlock.content
   468    486       (39, 28)   Text.value
   468    486         (0, 0)   Text
   468    486         (0, 0)   Paragraph.content
   468    487         (0, 1)   Paragraph
   468    488         (0, 1)   ForBlock.otherwise
   409    492       (-59, 4)   ForBlock
   493    536       (84, 44)   Text.value
   493    536         (0, 0)   Text
   493    536         (0, 0)   Paragraph.content
   493    537         (0, 1)   Paragraph
   546    550       (53, 13)   ForBlock.variable
   554    556         (8, 6)   ForBlock.code
   558    558         (4, 2)   ForBlock.content
   568    568       (10, 10)   ForBlock.otherwise
   538    572       (-30, 4)   ForBlock
     0    573      (-538, 1)   Article.content
     0    573         (0, 0)   Article
