---
source: rust/codec-html/src/encode.rs
expression: html
input_file: fixtures/nodes/heading.json

---
<article data-itemscope="root" itemtype="http://schema.org/Article" itemscope>
  <h1 data-itemscope="root" itemprop="headline">
    <span itemtype="http://schema.org/Text" itemscope>Some headings</span>
  </h1>
  <div data-itemprop="content">
    <h2 itemtype="http://schema.stenci.la/Heading" itemscope>The heading one content</h2>
    <h3 itemtype="http://schema.stenci.la/Heading" itemscope>The heading two content</h3>
  </div>
</article>
