---
source: rust/codec-html/src/encode.rs
assertion_line: 530
expression: encoded
input_file: fixtures/fragments/html/emphasis.html
---
<article data-root itemtype="https://schema.org/Article" itemscope>
  <div data-prop="content">
    <p itemtype="https://schema.stenci.la/Paragraph" itemscope>
      <span>Some</span>
      <em itemtype="https://schema.stenci.la/Emphasis" itemscope>
        <span>emphasized</span>
      </em>
      <span>text.</span>
    </p>
  </div>
</article>
