---
source: rust/node-execute/src/lib.rs
expression: "&appearance"
input_file: fixtures/articles/code.md

---
{
  "stages": [
    {
      "steps": [
        {
          "node": {
            "path": "articles/code.md",
            "id": "ce-1",
            "kind": "CodeExpression",
            "language": "R"
          },
          "kernel": null
        }
      ]
    },
    {
      "steps": [
        {
          "node": {
            "path": "articles/code.md",
            "id": "ce-2",
            "kind": "CodeExpression",
            "language": "Python"
          },
          "kernel": null
        }
      ]
    },
    {
      "steps": [
        {
          "node": {
            "path": "articles/code.md",
            "id": "ce-3",
            "kind": "CodeExpression",
            "language": ""
          },
          "kernel": null
        }
      ]
    },
    {
      "steps": [
        {
          "node": {
            "path": "articles/code.md",
            "id": "ce-4",
            "kind": "CodeExpression",
            "language": "Python"
          },
          "kernel": null
        }
      ]
    },
    {
      "steps": [
        {
          "node": {
            "path": "articles/code.md",
            "id": "ce-5",
            "kind": "CodeExpression",
            "language": ""
          },
          "kernel": null
        }
      ]
    },
    {
      "steps": [
        {
          "node": {
            "path": "articles/code.md",
            "id": "cc-1",
            "kind": "CodeChunk",
            "language": "R"
          },
          "kernel": null
        }
      ]
    }
  ]
}
