---
source: rust/src/methods/compile/code/js.rs
expression: "compile(&PathBuf::from(path), code)"
input_file: fixtures/fragments/js/reads.js

---
[
  [
    {
      "use": [
        0,
        0,
        0,
        0
      ]
    },
    {
      "type": "Module",
      "language": "javascript",
      "name": "fs"
    }
  ],
  [
    {
      "assign": [
        0,
        0,
        0,
        0
      ]
    },
    {
      "type": "Symbol",
      "path": "fragments/js/reads.js",
      "name": "data",
      "kind": ""
    }
  ],
  [
    {
      "read": [
        0,
        0,
        0,
        0
      ]
    },
    {
      "type": "File",
      "path": "fragments/js/path1"
    }
  ],
  [
    {
      "read": [
        0,
        0,
        0,
        0
      ]
    },
    {
      "type": "File",
      "path": "fragments/js/path2"
    }
  ],
  [
    {
      "assign": [
        0,
        0,
        0,
        0
      ]
    },
    {
      "type": "Symbol",
      "path": "fragments/js/reads.js",
      "name": "readData",
      "kind": "Function"
    }
  ],
  [
    {
      "read": [
        0,
        0,
        0,
        0
      ]
    },
    {
      "type": "File",
      "path": "fragments/js/path3"
    }
  ],
  [
    {
      "read": [
        0,
        0,
        0,
        0
      ]
    },
    {
      "type": "File",
      "path": "fragments/js/path4"
    }
  ]
]
