---
source: rust/src/methods/compile/code/js.rs
expression: compile(&code)
input_file: fixtures/fragments/js/writes.js

---
[
  [
    "UsesModule",
    "fs"
  ],
  [
    "UsesModule",
    "fs"
  ],
  [
    "WritesFile",
    "path1"
  ],
  [
    "WritesFile",
    "path2"
  ],
  [
    "WritesFile",
    "path3"
  ]
]
