---
source: rust/src/methods/compile/code/js.rs
expression: compile(&code)
input_file: fixtures/fragments/js/imports.js

---
[
  [
    "uses",
    {
      "type": "Module",
      "id": "module-1"
    }
  ],
  [
    "uses",
    {
      "type": "Module",
      "id": "module-2"
    }
  ],
  [
    "uses",
    {
      "type": "Module",
      "id": "module-3"
    }
  ],
  [
    "uses",
    {
      "type": "Module",
      "id": "module-4"
    }
  ],
  [
    "uses",
    {
      "type": "Module",
      "id": "module-5"
    }
  ],
  [
    "uses",
    {
      "type": "Module",
      "id": "module-6"
    }
  ],
  [
    "uses",
    {
      "type": "Module",
      "id": "module-7"
    }
  ],
  [
    "uses",
    {
      "type": "Module",
      "id": "module-8"
    }
  ],
  [
    "uses",
    {
      "type": "Module",
      "id": "module-9"
    }
  ],
  [
    "uses",
    {
      "type": "Module",
      "id": "module-10"
    }
  ],
  [
    "uses",
    {
      "type": "Module",
      "id": "module-11"
    }
  ],
  [
    "uses",
    {
      "type": "Module",
      "id": "module-12"
    }
  ]
]
