---
source: rust/src/methods/compile/code/js.rs
expression: compile(&code)
input_file: fixtures/fragments/js/imports.js

---
[
  [
    "UsesModule",
    "module-1"
  ],
  [
    "UsesModule",
    "module-2"
  ],
  [
    "UsesModule",
    "module-3"
  ],
  [
    "UsesModule",
    "module-4"
  ],
  [
    "UsesModule",
    "module-5"
  ],
  [
    "UsesModule",
    "module-6"
  ],
  [
    "UsesModule",
    "module-7"
  ],
  [
    "UsesModule",
    "module-8"
  ],
  [
    "UsesModule",
    "module-9"
  ],
  [
    "UsesModule",
    "module-10"
  ],
  [
    "UsesModule",
    "module-11"
  ],
  [
    "UsesModule",
    "module-12"
  ]
]
