---
source: rust/src/methods/compile/code/js.rs
expression: "compile(&PathBuf::from(path), code)"
input_file: fixtures/fragments/js/imports.js

---
[
  [
    "use",
    {
      "type": "Module",
      "language": "javascript",
      "name": "module-1"
    }
  ],
  [
    "use",
    {
      "type": "Module",
      "language": "javascript",
      "name": "module-2"
    }
  ],
  [
    "use",
    {
      "type": "Module",
      "language": "javascript",
      "name": "module-3"
    }
  ],
  [
    "use",
    {
      "type": "Module",
      "language": "javascript",
      "name": "module-4"
    }
  ],
  [
    "use",
    {
      "type": "Module",
      "language": "javascript",
      "name": "module-5"
    }
  ],
  [
    "use",
    {
      "type": "Module",
      "language": "javascript",
      "name": "module-6"
    }
  ],
  [
    "use",
    {
      "type": "Module",
      "language": "javascript",
      "name": "module-7"
    }
  ],
  [
    "use",
    {
      "type": "Module",
      "language": "javascript",
      "name": "module-8"
    }
  ],
  [
    "use",
    {
      "type": "Module",
      "language": "javascript",
      "name": "module-9"
    }
  ],
  [
    "use",
    {
      "type": "Module",
      "language": "javascript",
      "name": "module-10"
    }
  ],
  [
    "use",
    {
      "type": "Module",
      "language": "javascript",
      "name": "module-11"
    }
  ],
  [
    "use",
    {
      "type": "Module",
      "language": "javascript",
      "name": "module-12"
    }
  ]
]
