---
source: rust/src/methods/compile/code/r.rs
expression: "compile(path, code)"
input_file: fixtures/fragments/r/writes.R

---
[
  [
    "uses",
    {
      "type": "Symbol",
      "path": "fragments/r/writes.R",
      "name": "data",
      "kind": "variable"
    }
  ],
  [
    "writes",
    {
      "type": "File",
      "path": "path1"
    }
  ],
  [
    "writes",
    {
      "type": "File",
      "path": "path2"
    }
  ],
  [
    "assigns",
    {
      "type": "Symbol",
      "path": "fragments/r/writes.R",
      "name": "foo",
      "kind": "function"
    }
  ],
  [
    "writes",
    {
      "type": "File",
      "path": "path3"
    }
  ],
  [
    "writes",
    {
      "type": "File",
      "path": "path4"
    }
  ],
  [
    "uses",
    {
      "type": "Symbol",
      "path": "fragments/r/writes.R",
      "name": "ignore",
      "kind": "variable"
    }
  ]
]
