---
source: rust/src/methods/compile/code/r.rs
expression: "compile(path, code)"
input_file: fixtures/fragments/r/uses.R

---
[
  [
    "uses",
    {
      "type": "Variable",
      "path": "fragments/r/uses.R",
      "name": "var1"
    }
  ],
  [
    "uses",
    {
      "type": "Function",
      "path": "fragments/r/uses.R",
      "name": "fun1"
    }
  ],
  [
    "uses",
    {
      "type": "Variable",
      "path": "fragments/r/uses.R",
      "name": "var2"
    }
  ],
  [
    "uses",
    {
      "type": "Variable",
      "path": "fragments/r/uses.R",
      "name": "var3"
    }
  ],
  [
    "uses",
    {
      "type": "Function",
      "path": "fragments/r/uses.R",
      "name": "fun2"
    }
  ],
  [
    "uses",
    {
      "type": "Variable",
      "path": "fragments/r/uses.R",
      "name": "var4"
    }
  ],
  [
    "uses",
    {
      "type": "Variable",
      "path": "fragments/r/uses.R",
      "name": "var5"
    }
  ],
  [
    "uses",
    {
      "type": "Variable",
      "path": "fragments/r/uses.R",
      "name": "var6"
    }
  ],
  [
    "uses",
    {
      "type": "Variable",
      "path": "fragments/r/uses.R",
      "name": "var7"
    }
  ],
  [
    "uses",
    {
      "type": "Variable",
      "path": "fragments/r/uses.R",
      "name": "var8"
    }
  ],
  [
    "uses",
    {
      "type": "Variable",
      "path": "fragments/r/uses.R",
      "name": "var9"
    }
  ],
  [
    "uses",
    {
      "type": "Variable",
      "path": "fragments/r/uses.R",
      "name": "var10"
    }
  ],
  [
    "uses",
    {
      "type": "Variable",
      "path": "fragments/r/uses.R",
      "name": "var11"
    }
  ],
  [
    "uses",
    {
      "type": "Variable",
      "path": "fragments/r/uses.R",
      "name": "var12"
    }
  ],
  [
    "uses",
    {
      "type": "Variable",
      "path": "fragments/r/uses.R",
      "name": "var13"
    }
  ],
  [
    "assigns",
    {
      "type": "Variable",
      "path": "fragments/r/uses.R",
      "name": "assign"
    }
  ],
  [
    "assigns",
    {
      "type": "Function",
      "path": "fragments/r/uses.R",
      "name": "assign"
    }
  ]
]
