start     end        offsets   node_type+property                   authorship
    92    104      (92, 104)   ChatMessage.role
   106    161       (14, 57)   Text.value
   106    161         (0, 0)   Text
   106    161         (0, 0)   Paragraph.content
   106    162         (0, 1)   Paragraph
   106    163         (0, 1)   ChatMessage.content
    89    167       (-17, 4)   ChatMessage
   171    181       (82, 14)   ChatMessage.role
   183    188        (12, 7)   Text.value
   183    188         (0, 0)   Text
   183    188         (0, 0)   Paragraph.content
   183    189         (0, 1)   Paragraph
   183    190         (0, 1)   ChatMessage.content
   168    194       (-15, 4)   ChatMessage
   198    209       (30, 15)   ChatMessage.role
   211    220       (13, 11)   Text.value
   211    220         (0, 0)   Text
   211    220         (0, 0)   Paragraph.content
   211    221         (0, 1)   Paragraph
   211    222         (0, 1)   ChatMessage.content
   195    226       (-16, 4)   ChatMessage
   230    240       (35, 14)   ChatMessage.role
   242    248        (12, 8)   Text.value
   242    248         (0, 0)   Text
   242    248         (0, 0)   Paragraph.content
   242    249         (0, 1)   Paragraph
   242    250         (0, 1)   ChatMessage.content
   227    254       (-15, 4)   ChatMessage
   276    287       (49, 33)   ChatMessage.role
   289    298       (13, 11)   Text.value
   289    298         (0, 0)   Text
   289    298         (0, 0)   Paragraph.content
   289    299         (0, 1)   Paragraph
   289    300         (0, 1)   ChatMessage.content
   271    306       (-18, 6)   ChatMessage
   312    323       (41, 17)   ChatMessage.role
   325    334       (13, 11)   Text.value
   325    334         (0, 0)   Text
   325    334         (0, 0)   Paragraph.content
   325    335         (0, 1)   Paragraph
   325    336         (0, 1)   ChatMessage.content
   307    342       (-18, 6)   ChatMessage
   271    343       (-36, 1)   ChatMessageGroup.messages
   255    347       (-16, 4)   ChatMessageGroup
    89    348      (-166, 1)   Chat.content
     0    348       (-89, 0)   Chat
