start     end        offsets   node_type+property                   authorship
     0     17        (0, 17)   Text.value
     0     17         (0, 0)   Text
     0     17         (0, 0)   Paragraph.content
     0     18         (0, 1)   Paragraph
    27     38       (27, 20)   CodeChunk.code
    19     43        (-8, 5)   CodeChunk
    44     58       (25, 15)   Text.value
    44     58         (0, 0)   Text
    44     58         (0, 0)   Paragraph.content
    44     59         (0, 1)   Paragraph
    63     69       (19, 10)   CodeChunk.programmingLanguage
    75     99       (12, 30)   CodeChunk.code
    60    104       (-15, 5)   CodeChunk
   105    138       (45, 34)   Text.value
   105    138         (0, 0)   Text
   105    138         (0, 0)   Paragraph.content
   105    139         (0, 1)   Paragraph
   143    145        (38, 6)   CodeChunk.programmingLanguage
   151    157        (8, 12)   CodeChunk.executionMode
   158    171        (7, 14)   CodeChunk.code
   140    176       (-18, 5)   CodeChunk
   177    188       (37, 12)   Text.value
   177    188         (0, 0)   Text
   177    188         (0, 0)   Paragraph.content
   177    189         (0, 1)   Paragraph
   200    202       (23, 13)   CodeChunk.label
   212    222       (12, 20)   CodeChunk.code
   190    232      (-22, 10)   CodeChunk
   233    258       (43, 26)   Text.value
   233    258         (0, 0)   Text
   233    258         (0, 0)   Paragraph.content
   233    259         (0, 1)   Paragraph
   271    272       (38, 13)   CodeChunk.label
   277    278         (6, 6)   CodeChunk.programmingLanguage
   284    293        (7, 15)   CodeChunk.code
   298    310       (14, 17)   Text.value
   298    310         (0, 0)   Text
   298    310         (0, 0)   Paragraph.content
   298    311         (0, 1)   Paragraph
   298    312         (0, 1)   CodeChunk.caption
   260    317       (-38, 5)   CodeChunk
   318    342       (58, 25)   Text.value
   318    342         (0, 0)   Text
   318    342         (0, 0)   Paragraph.content
   318    343         (0, 1)   Paragraph
   354    355       (36, 12)   CodeChunk.label
   360    361         (6, 6)   CodeChunk.programmingLanguage
   367    379        (7, 18)   CodeChunk.code
   384    394       (17, 15)   Text.value
   384    394         (0, 0)   Text
   384    394         (0, 0)   Paragraph.content
   384    395         (0, 1)   Paragraph
   384    396         (0, 1)   CodeChunk.caption
   344    401       (-40, 5)   CodeChunk
     0    402      (-344, 1)   Article.content
     0    402         (0, 0)   Article
