start     end        offsets   node_type+property                   authorship
     0     39        (0, 39)   Text.value
     0     39         (0, 0)   Text
     0     39         (0, 0)   Paragraph.content
     0     40         (0, 1)   Paragraph
    49     49        (49, 9)   InstructionMessage.id
    49     49         (0, 0)   InstructionMessage.role
    49     61        (0, 12)   Text.value
    49     61         (0, 0)   Text
    49     61         (0, 0)   InstructionMessage.parts
    61     61        (12, 0)   InstructionMessage.authors
    61     61         (0, 0)   InstructionMessage.provenance
    49     61       (-12, 0)   InstructionMessage
    49     61         (0, 0)   InstructionBlock.message
    41     62        (-8, 1)   InstructionBlock
    63    102       (22, 40)   Text.value
    63    102         (0, 0)   Text
    63    102         (0, 0)   Paragraph.content
    63    103         (0, 1)   Paragraph
   119    119       (56, 16)   InstructionMessage.id
   119    119         (0, 0)   InstructionMessage.role
   119    168        (0, 49)   Text.value
   119    168         (0, 0)   Text
   119    168         (0, 0)   InstructionMessage.parts
   168    168        (49, 0)   InstructionMessage.authors
   168    168         (0, 0)   InstructionMessage.provenance
   119    168       (-49, 0)   InstructionMessage
   119    168         (0, 0)   InstructionBlock.message
   104    169       (-15, 1)   InstructionBlock
   170    232       (66, 63)   Text.value
   170    232         (0, 0)   Text
   170    232         (0, 0)   Paragraph.content
   170    233         (0, 1)   Paragraph
   234    255       (64, 22)   InstructionBlock
   256    307       (22, 52)   Text.value
   256    307         (0, 0)   Text
   256    307         (0, 0)   Paragraph.content
   256    308         (0, 1)   Paragraph
   318    318       (62, 10)   InstructionMessage.id
   318    318         (0, 0)   InstructionMessage.role
   318    340        (0, 22)   Text.value
   318    340         (0, 0)   Text
   318    340         (0, 0)   InstructionMessage.parts
   340    340        (22, 0)   InstructionMessage.authors
   340    340         (0, 0)   InstructionMessage.provenance
   318    340       (-22, 0)   InstructionMessage
   318    340         (0, 0)   InstructionBlock.message
   342    371       (24, 31)   Text.value
   342    371         (0, 0)   Text
   342    371         (0, 0)   Paragraph.content
   342    372         (0, 1)   Paragraph
   342    373         (0, 1)   InstructionBlock.content
   309    373       (-33, 0)   InstructionBlock
   374    411       (65, 38)   Text.value
   374    411         (0, 0)   Text
   374    411         (0, 0)   Paragraph.content
   374    412         (0, 1)   Paragraph
   428    428       (54, 16)   InstructionMessage.id
   428    428         (0, 0)   InstructionMessage.role
   428    457        (0, 29)   Text.value
   428    457         (0, 0)   Text
   428    457         (0, 0)   InstructionMessage.parts
   457    457        (29, 0)   InstructionMessage.authors
   457    457         (0, 0)   InstructionMessage.provenance
   428    457       (-29, 0)   InstructionMessage
   428    457         (0, 0)   InstructionBlock.message
   459    492       (31, 35)   Text.value
   459    492         (0, 0)   Text
   459    492         (0, 0)   Paragraph.content
   459    493         (0, 1)   Paragraph
   459    494         (0, 1)   InstructionBlock.content
   413    494       (-46, 0)   InstructionBlock
   495    551       (82, 57)   Text.value
   495    551         (0, 0)   Text
   495    551         (0, 0)   Paragraph.content
   495    552         (0, 1)   Paragraph
   573    573       (78, 21)   InstructionMessage.id
   573    573         (0, 0)   InstructionMessage.role
   573    585        (0, 12)   Text.value
   573    585         (0, 0)   Text
   573    585         (0, 0)   InstructionMessage.parts
   585    585        (12, 0)   InstructionMessage.authors
   585    585         (0, 0)   InstructionMessage.provenance
   573    585       (-12, 0)   InstructionMessage
   573    585         (0, 0)   InstructionBlock.message
   608    617       (35, 32)   CodeChunk.code
   600    622        (-8, 5)   CodeChunk
   600    623         (0, 1)   SuggestionBlock.content
   587    627       (-13, 4)   SuggestionBlock
   587    628         (0, 1)   InstructionBlock.suggestions
   553    627      (-34, -1)   InstructionBlock
   628    666       (75, 39)   Text.value
   628    666         (0, 0)   Text
   628    666         (0, 0)   Paragraph.content
   628    667         (0, 1)   Paragraph
   677    677       (49, 10)   InstructionMessage.id
   677    677         (0, 0)   InstructionMessage.role
   677    690        (0, 13)   Text.value
   677    690         (0, 0)   Text
   677    690         (0, 0)   InstructionMessage.parts
   690    690        (13, 0)   InstructionMessage.authors
   690    690         (0, 0)   InstructionMessage.provenance
   677    690       (-13, 0)   InstructionMessage
   677    690         (0, 0)   InstructionBlock.message
   692    723       (15, 33)   Text.value
   692    723         (0, 0)   Text
   692    723         (0, 0)   Paragraph.content
   692    724         (0, 1)   Paragraph
   692    725         (0, 1)   InstructionBlock.content
   739    751       (47, 26)   Text.value
   739    751         (0, 0)   Text
   739    751         (0, 0)   Paragraph.content
   739    752         (0, 1)   Paragraph
   739    753         (0, 1)   SuggestionBlock.content
   726    757       (-13, 4)   SuggestionBlock
   726    758         (0, 1)   InstructionBlock.suggestions
   668    757      (-58, -1)   InstructionBlock
     0    758      (-668, 1)   Article.content
     0    758         (0, 0)   Article
