start     end        offsets   node_type+property                   authorship
     0     37        (0, 37)   Text.value
     0     37         (0, 0)   Text
     0     37         (0, 0)   Paragraph.content
     0     38         (0, 1)   Paragraph
    51     63       (51, 25)   Text.value
    51     63         (0, 0)   Text
    51     63         (0, 0)   InstructionMessage.parts
    51     63         (0, 0)   InstructionMessage
    51     63         (0, 0)   InstructionBlock.message
    39     69       (-12, 6)   InstructionBlock
    70    106       (31, 37)   Text.value
    70    106         (0, 0)   Text
    70    106         (0, 0)   Paragraph.content
    70    107         (0, 1)   Paragraph
   120    169       (50, 62)   Text.value
   120    169         (0, 0)   Text
   120    169         (0, 0)   InstructionMessage.parts
   120    169         (0, 0)   InstructionMessage
   120    169         (0, 0)   InstructionBlock.message
   179    184       (59, 15)   InstructionBlock.prompt
   108    190       (-71, 6)   InstructionBlock
   191    250       (83, 60)   Text.value
   191    250         (0, 0)   Text
   191    250         (0, 0)   Paragraph.content
   191    251         (0, 1)   Paragraph
   273    283       (82, 32)   InstructionBlock.prompt
   252    289       (-21, 6)   InstructionBlock
   290    339       (38, 50)   Text.value
   290    339         (0, 0)   Text
   290    339         (0, 0)   Paragraph.content
   290    340         (0, 1)   Paragraph
   351    373       (61, 33)   Text.value
   351    373         (0, 0)   Text
   351    373         (0, 0)   InstructionMessage.parts
   351    373         (0, 0)   InstructionMessage
   351    373         (0, 0)   InstructionBlock.message
   375    404       (24, 31)   Text.value
   375    404         (0, 0)   Text
   375    404         (0, 0)   Paragraph.content
   375    405         (0, 1)   Paragraph
   375    406         (0, 1)   InstructionBlock.content
   341    410       (-34, 4)   InstructionBlock
   411    445       (70, 35)   Text.value
   411    445         (0, 0)   Text
   411    445         (0, 0)   Paragraph.content
   411    446         (0, 1)   Paragraph
   457    486       (46, 40)   Text.value
   457    486         (0, 0)   Text
   457    486         (0, 0)   InstructionMessage.parts
   457    486         (0, 0)   InstructionMessage
   457    486         (0, 0)   InstructionBlock.message
   496    500       (39, 14)   InstructionBlock.prompt
   502    535        (6, 35)   Text.value
   502    535         (0, 0)   Text
   502    535         (0, 0)   Paragraph.content
   502    536         (0, 1)   Paragraph
   502    537         (0, 1)   InstructionBlock.content
   447    541       (-55, 4)   InstructionBlock
   542    595       (95, 54)   Text.value
   542    595         (0, 0)   Text
   542    595         (0, 0)   Paragraph.content
   542    596         (0, 1)   Paragraph
   609    621       (67, 25)   Text.value
   609    621         (0, 0)   Text
   609    621         (0, 0)   InstructionMessage.parts
   609    621         (0, 0)   InstructionMessage
   609    621         (0, 0)   InstructionBlock.message
   631    641       (22, 20)   InstructionBlock.prompt
   659    669       (28, 28)   CodeChunk.code
   643    674       (-16, 5)   CodeChunk
   643    675         (0, 1)   SuggestionBlock.content
   643    674        (0, -1)   SuggestionBlock
   643    675         (0, 1)   InstructionBlock.suggestions
   597    679       (-46, 4)   InstructionBlock
   680    718       (83, 39)   Text.value
   680    718         (0, 0)   Text
   680    718         (0, 0)   Paragraph.content
   680    719         (0, 1)   Paragraph
   730    743       (50, 24)   Text.value
   730    743         (0, 0)   Text
   730    743         (0, 0)   InstructionMessage.parts
   730    743         (0, 0)   InstructionMessage
   730    743         (0, 0)   InstructionBlock.message
   745    757       (15, 14)   Text.value
   745    757         (0, 0)   Text
   745    757         (0, 0)   Paragraph.content
   745    758         (0, 1)   Paragraph
   745    759         (0, 1)   SuggestionBlock.content
   745    758        (0, -1)   SuggestionBlock
   745    759         (0, 1)   InstructionBlock.suggestions
   720    763       (-25, 4)   InstructionBlock
     0    764      (-720, 1)   Article.content
     0    764         (0, 0)   Article
