start     end        offsets   node_type+property                   authorship
     0     39        (0, 39)   Text.value
     0     39         (0, 0)   Text
     0     39         (0, 0)   Paragraph.content
     0     40         (0, 1)   Paragraph
    48     67       (48, 27)   Text.value
    48     67         (0, 0)   Text
    48     67         (0, 0)   InstructionBlock.messages
    41     68        (-7, 1)   InstructionBlock
    69    108       (28, 40)   Text.value
    69    108         (0, 0)   Text
    69    108         (0, 0)   Paragraph.content
    69    109         (0, 1)   Paragraph
   131    180       (62, 71)   Text.value
   131    180         (0, 0)   Text
   131    180         (0, 0)   InstructionBlock.messages
   110    181       (-21, 1)   InstructionBlock
   182    244       (72, 63)   Text.value
   182    244         (0, 0)   Text
   182    244         (0, 0)   Paragraph.content
   182    245         (0, 1)   Paragraph
   272    272       (90, 27)   Text.value
   272    272         (0, 0)   Text
   272    272         (0, 0)   InstructionBlock.messages
   246    273       (-26, 1)   InstructionBlock
   274    325       (28, 52)   Text.value
   274    325         (0, 0)   Text
   274    325         (0, 0)   Paragraph.content
   274    326         (0, 1)   Paragraph
   334    356       (60, 30)   Text.value
   334    356         (0, 0)   Text
   334    356         (0, 0)   InstructionBlock.messages
   367    396       (33, 40)   Text.value
   367    396         (0, 0)   Text
   367    396         (0, 0)   Paragraph.content
   367    397         (0, 1)   Paragraph
   367    398         (0, 1)   InstructionBlock.content
   327    402       (-40, 4)   InstructionBlock
   403    440       (76, 38)   Text.value
   403    440         (0, 0)   Text
   403    440         (0, 0)   Paragraph.content
   403    441         (0, 1)   Paragraph
   455    484       (52, 43)   Text.value
   455    484         (0, 0)   Text
   455    484         (0, 0)   InstructionBlock.messages
   495    528       (40, 44)   Text.value
   495    528         (0, 0)   Text
   495    528         (0, 0)   Paragraph.content
   495    529         (0, 1)   Paragraph
   495    530         (0, 1)   InstructionBlock.content
   442    534       (-53, 4)   InstructionBlock
   535    591       (93, 57)   Text.value
   535    591         (0, 0)   Text
   535    591         (0, 0)   Paragraph.content
   535    592         (0, 1)   Paragraph
   619    631       (84, 39)   Text.value
   619    631         (0, 0)   Text
   619    631         (0, 0)   InstructionBlock.messages
   653    662       (34, 31)   CodeChunk.code
   645    667        (-8, 5)   CodeChunk
   645    668         (0, 1)   InsertBlock.content
   633    672       (-12, 4)   InsertBlock
   633    673         (0, 1)   InstructionBlock.suggestion
   593    672      (-40, -1)   InstructionBlock
   673    711       (80, 39)   Text.value
   673    711         (0, 0)   Text
   673    711         (0, 0)   Paragraph.content
   673    712         (0, 1)   Paragraph
   720    733       (47, 21)   Text.value
   720    733         (0, 0)   Text
   720    733         (0, 0)   InstructionBlock.messages
   744    775       (24, 42)   Text.value
   744    775         (0, 0)   Text
   744    775         (0, 0)   Paragraph.content
   744    776         (0, 1)   Paragraph
   744    777         (0, 1)   InstructionBlock.content
   804    816       (60, 39)   Text.value
   804    816         (0, 0)   Text
   804    816         (0, 0)   Paragraph.content
   804    817         (0, 1)   Paragraph
   804    818         (0, 1)   ReplaceBlock.replacement
   782    822       (-22, 4)   ReplaceBlock
   782    823         (0, 1)   InstructionBlock.suggestion
   713    822      (-69, -1)   InstructionBlock
     0    823      (-713, 1)   Article.content
     0    823         (0, 0)   Article
