 start    end    offsets   node_id                  node_type+property
     0     39       0/39   pgh_111111Jp             Paragraph
    41     67      41/28   isb_111111Js             InstructionBlock
    69    108      28/41   pgh_111111Ju             Paragraph
   110    180      41/72   isb_111111Jx             InstructionBlock
   182    244      72/64   pgh_111111Jz             Paragraph
   246    272      64/28   isb_111111K3             InstructionBlock
   274    325      28/53   pgh_111111K5             Paragraph
   367    396      93/71   pgh_111111KA             Paragraph
   327    401      -40/5   isb_111111K8             InstructionBlock
   403    440      76/39   pgh_111111KC             Paragraph
   495    528      92/88   pgh_111111KH             Paragraph
   442    533      -53/5   isb_111111KF             InstructionBlock
   535    591      93/58   pgh_111111KK             Paragraph
   645    666      52/35   cdc_111111KQ             CodeChunk
   633    671      -12/5   inb_111111KP             InsertBlock
   593    671      -40/0   isb_111111KN             InstructionBlock
   673    711      80/40   pgh_111111KS             Paragraph
   744    775      71/64   pgh_111111KX             Paragraph
   804    816      91/36   pgh_111111Ka             Paragraph
   782    821      -22/5   rpb_111111KY             ReplaceBlock
   713    821      -69/0   isb_111111KV             InstructionBlock
     0    821     -713/0   art_111111Kb             Article
