 start    end    offsets   node_id                  node_type+property
    13     27      13/27   hea_111111EV             Heading
    29     71      16/44   pgh_111111EX             Paragraph
     0     76      -29/5   sec_111111ET             Section
    91    108      91/32   hea_111111Ea             Heading
   125    141      34/33   hea_111111Ed             Heading
   160    189      35/48   hea_111111Eg             Heading
   191    228      31/39   pgh_111111Ei             Paragraph
   143    237      -48/9   sec_111111Ee             Section
   256    286     113/49   hea_111111Em             Heading
   288    326      32/40   pgh_111111Eo             Paragraph
   239    335      -49/9   sec_111111Ej             Section
   110    342     -129/7   sec_111111Eb             Section
    78    347      -32/5   sec_111111EY             Section
   361    379     283/32   pgh_111111Er             Paragraph
   349    384      -12/5   sec_111111Ep             Section
   404    428      55/44   pgh_111111Eu             Paragraph
   386    433      -18/5   sec_111111Es             Section
   451    473      65/40   pgh_111111Ex             Paragraph
   435    478      -16/5   sec_111111Ev             Section
   492    510      57/32   pgh_111111F1             Paragraph
   480    515      -12/5   sec_111111Ey             Section
     0    515     -480/0   art_111111F2             Article
