---
source: rust/codec-rmd/src/decode.rs
assertion_line: 89
expression: "decode(content, None).unwrap()"
input_file: fixtures/fragments/rmd/code-expression.rmd
---
{
  "type": "Article",
  "content": [
    {
      "type": "Paragraph",
      "content": [
        "A R Markdown code expression (inline code chunk): ",
        {
          "type": "CodeExpression",
          "code": "1+1",
          "programmingLanguage": "r"
        },
        "."
      ]
    },
    {
      "type": "Paragraph",
      "content": [
        "Plain old code fragments: ",
        {
          "type": "CodeFragment",
          "code": "1+1"
        },
        ", ",
        {
          "type": "CodeFragment",
          "code": "r2d2"
        },
        ", ",
        {
          "type": "CodeFragment",
          "code": "r"
        },
        "."
      ]
    }
  ]
}
