// Jest Snapshot v1, https://goo.gl/fbAQLP

exports[`invalid.Cite.json 1`] = `
Array [
  Object {
    "instancePath": "",
    "keyword": "required",
    "message": "must have required property 'target'",
    "params": Object {
      "missingProperty": "target",
    },
    "schemaPath": "#/required",
  },
  Object {
    "instancePath": "/citationMode",
    "keyword": "enum",
    "message": "must be equal to one of the allowed values",
    "params": Object {
      "allowedValues": Array [
        "Parenthetical",
        "Narrative",
        "NarrativeAuthor",
        "NarrativeYear",
        "normal",
        "suppressAuthor",
      ],
    },
    "schemaPath": "#/properties/citationMode/enum",
  },
  Object {
    "instancePath": "/citationType/0",
    "keyword": "const",
    "message": "must be equal to constant",
    "params": Object {
      "allowedValue": "AffilationSelfCitation",
    },
    "schemaPath": "#/anyOf/0/const",
  },
  Object {
    "instancePath": "/citationType/0",
    "keyword": "const",
    "message": "must be equal to constant",
    "params": Object {
      "allowedValue": "AgreesWith",
    },
    "schemaPath": "#/anyOf/1/const",
  },
  Object {
    "instancePath": "/citationType/0",
    "keyword": "const",
    "message": "must be equal to constant",
    "params": Object {
      "allowedValue": "AuthorNetworkSelfCitation",
    },
    "schemaPath": "#/anyOf/2/const",
  },
  Object {
    "instancePath": "/citationType/0",
    "keyword": "const",
    "message": "must be equal to constant",
    "params": Object {
      "allowedValue": "AuthorSelfCitation",
    },
    "schemaPath": "#/anyOf/3/const",
  },
  Object {
    "instancePath": "/citationType/0",
    "keyword": "const",
    "message": "must be equal to constant",
    "params": Object {
      "allowedValue": "CitesAsAuthority",
    },
    "schemaPath": "#/anyOf/4/const",
  },
  Object {
    "instancePath": "/citationType/0",
    "keyword": "const",
    "message": "must be equal to constant",
    "params": Object {
      "allowedValue": "CitesAsDataSource",
    },
    "schemaPath": "#/anyOf/5/const",
  },
  Object {
    "instancePath": "/citationType/0",
    "keyword": "const",
    "message": "must be equal to constant",
    "params": Object {
      "allowedValue": "CitesAsEvidence",
    },
    "schemaPath": "#/anyOf/6/const",
  },
  Object {
    "instancePath": "/citationType/0",
    "keyword": "const",
    "message": "must be equal to constant",
    "params": Object {
      "allowedValue": "CitesAsMetadataDocument",
    },
    "schemaPath": "#/anyOf/7/const",
  },
  Object {
    "instancePath": "/citationType/0",
    "keyword": "const",
    "message": "must be equal to constant",
    "params": Object {
      "allowedValue": "CitesAsPotentialSolution",
    },
    "schemaPath": "#/anyOf/8/const",
  },
  Object {
    "instancePath": "/citationType/0",
    "keyword": "const",
    "message": "must be equal to constant",
    "params": Object {
      "allowedValue": "CitesAsRecommendedReading",
    },
    "schemaPath": "#/anyOf/9/const",
  },
  Object {
    "instancePath": "/citationType/0",
    "keyword": "const",
    "message": "must be equal to constant",
    "params": Object {
      "allowedValue": "CitesAsRelated",
    },
    "schemaPath": "#/anyOf/10/const",
  },
  Object {
    "instancePath": "/citationType/0",
    "keyword": "const",
    "message": "must be equal to constant",
    "params": Object {
      "allowedValue": "CitesAsSourceDocument",
    },
    "schemaPath": "#/anyOf/11/const",
  },
  Object {
    "instancePath": "/citationType/0",
    "keyword": "const",
    "message": "must be equal to constant",
    "params": Object {
      "allowedValue": "CitesForInformation",
    },
    "schemaPath": "#/anyOf/12/const",
  },
  Object {
    "instancePath": "/citationType/0",
    "keyword": "const",
    "message": "must be equal to constant",
    "params": Object {
      "allowedValue": "Compiles",
    },
    "schemaPath": "#/anyOf/13/const",
  },
  Object {
    "instancePath": "/citationType/0",
    "keyword": "const",
    "message": "must be equal to constant",
    "params": Object {
      "allowedValue": "Confirms",
    },
    "schemaPath": "#/anyOf/14/const",
  },
  Object {
    "instancePath": "/citationType/0",
    "keyword": "const",
    "message": "must be equal to constant",
    "params": Object {
      "allowedValue": "ContainsAssertionFrom",
    },
    "schemaPath": "#/anyOf/15/const",
  },
  Object {
    "instancePath": "/citationType/0",
    "keyword": "const",
    "message": "must be equal to constant",
    "params": Object {
      "allowedValue": "Corrects",
    },
    "schemaPath": "#/anyOf/16/const",
  },
  Object {
    "instancePath": "/citationType/0",
    "keyword": "const",
    "message": "must be equal to constant",
    "params": Object {
      "allowedValue": "Credits",
    },
    "schemaPath": "#/anyOf/17/const",
  },
  Object {
    "instancePath": "/citationType/0",
    "keyword": "const",
    "message": "must be equal to constant",
    "params": Object {
      "allowedValue": "Critiques",
    },
    "schemaPath": "#/anyOf/18/const",
  },
  Object {
    "instancePath": "/citationType/0",
    "keyword": "const",
    "message": "must be equal to constant",
    "params": Object {
      "allowedValue": "Derides",
    },
    "schemaPath": "#/anyOf/19/const",
  },
  Object {
    "instancePath": "/citationType/0",
    "keyword": "const",
    "message": "must be equal to constant",
    "params": Object {
      "allowedValue": "Describes",
    },
    "schemaPath": "#/anyOf/20/const",
  },
  Object {
    "instancePath": "/citationType/0",
    "keyword": "const",
    "message": "must be equal to constant",
    "params": Object {
      "allowedValue": "DisagreesWith",
    },
    "schemaPath": "#/anyOf/21/const",
  },
  Object {
    "instancePath": "/citationType/0",
    "keyword": "const",
    "message": "must be equal to constant",
    "params": Object {
      "allowedValue": "Discusses",
    },
    "schemaPath": "#/anyOf/22/const",
  },
  Object {
    "instancePath": "/citationType/0",
    "keyword": "const",
    "message": "must be equal to constant",
    "params": Object {
      "allowedValue": "Disputes",
    },
    "schemaPath": "#/anyOf/23/const",
  },
  Object {
    "instancePath": "/citationType/0",
    "keyword": "const",
    "message": "must be equal to constant",
    "params": Object {
      "allowedValue": "DistantCitation",
    },
    "schemaPath": "#/anyOf/24/const",
  },
  Object {
    "instancePath": "/citationType/0",
    "keyword": "const",
    "message": "must be equal to constant",
    "params": Object {
      "allowedValue": "Documents",
    },
    "schemaPath": "#/anyOf/25/const",
  },
  Object {
    "instancePath": "/citationType/0",
    "keyword": "const",
    "message": "must be equal to constant",
    "params": Object {
      "allowedValue": "Extends",
    },
    "schemaPath": "#/anyOf/26/const",
  },
  Object {
    "instancePath": "/citationType/0",
    "keyword": "const",
    "message": "must be equal to constant",
    "params": Object {
      "allowedValue": "FunderSelfCitation",
    },
    "schemaPath": "#/anyOf/27/const",
  },
  Object {
    "instancePath": "/citationType/0",
    "keyword": "const",
    "message": "must be equal to constant",
    "params": Object {
      "allowedValue": "GivesBackgroundTo",
    },
    "schemaPath": "#/anyOf/28/const",
  },
  Object {
    "instancePath": "/citationType/0",
    "keyword": "const",
    "message": "must be equal to constant",
    "params": Object {
      "allowedValue": "GivesSupportTo",
    },
    "schemaPath": "#/anyOf/29/const",
  },
  Object {
    "instancePath": "/citationType/0",
    "keyword": "const",
    "message": "must be equal to constant",
    "params": Object {
      "allowedValue": "HasReplyFrom",
    },
    "schemaPath": "#/anyOf/30/const",
  },
  Object {
    "instancePath": "/citationType/0",
    "keyword": "const",
    "message": "must be equal to constant",
    "params": Object {
      "allowedValue": "IncludesExcerptFrom",
    },
    "schemaPath": "#/anyOf/31/const",
  },
  Object {
    "instancePath": "/citationType/0",
    "keyword": "const",
    "message": "must be equal to constant",
    "params": Object {
      "allowedValue": "IncludesQuotationFrom",
    },
    "schemaPath": "#/anyOf/32/const",
  },
  Object {
    "instancePath": "/citationType/0",
    "keyword": "const",
    "message": "must be equal to constant",
    "params": Object {
      "allowedValue": "IsAgreedWithBy",
    },
    "schemaPath": "#/anyOf/33/const",
  },
  Object {
    "instancePath": "/citationType/0",
    "keyword": "const",
    "message": "must be equal to constant",
    "params": Object {
      "allowedValue": "IsCitedAsAuthorityBy",
    },
    "schemaPath": "#/anyOf/34/const",
  },
  Object {
    "instancePath": "/citationType/0",
    "keyword": "const",
    "message": "must be equal to constant",
    "params": Object {
      "allowedValue": "IsCitedAsDataSourceBy",
    },
    "schemaPath": "#/anyOf/35/const",
  },
  Object {
    "instancePath": "/citationType/0",
    "keyword": "const",
    "message": "must be equal to constant",
    "params": Object {
      "allowedValue": "IsCitedAsEvidenceBy",
    },
    "schemaPath": "#/anyOf/36/const",
  },
  Object {
    "instancePath": "/citationType/0",
    "keyword": "const",
    "message": "must be equal to constant",
    "params": Object {
      "allowedValue": "IsCitedAsMetadataDocumentBy",
    },
    "schemaPath": "#/anyOf/37/const",
  },
  Object {
    "instancePath": "/citationType/0",
    "keyword": "const",
    "message": "must be equal to constant",
    "params": Object {
      "allowedValue": "IsCitedAsPontentialSolutionBy",
    },
    "schemaPath": "#/anyOf/38/const",
  },
  Object {
    "instancePath": "/citationType/0",
    "keyword": "const",
    "message": "must be equal to constant",
    "params": Object {
      "allowedValue": "IsCitedAsRecommendedReadingBy",
    },
    "schemaPath": "#/anyOf/39/const",
  },
  Object {
    "instancePath": "/citationType/0",
    "keyword": "const",
    "message": "must be equal to constant",
    "params": Object {
      "allowedValue": "IsCitedAsRelatedBy",
    },
    "schemaPath": "#/anyOf/40/const",
  },
  Object {
    "instancePath": "/citationType/0",
    "keyword": "const",
    "message": "must be equal to constant",
    "params": Object {
      "allowedValue": "IsCitedAsSourceDocumentBy",
    },
    "schemaPath": "#/anyOf/41/const",
  },
  Object {
    "instancePath": "/citationType/0",
    "keyword": "const",
    "message": "must be equal to constant",
    "params": Object {
      "allowedValue": "IsCitedBy",
    },
    "schemaPath": "#/anyOf/42/const",
  },
  Object {
    "instancePath": "/citationType/0",
    "keyword": "const",
    "message": "must be equal to constant",
    "params": Object {
      "allowedValue": "IsCitedForInformationBy",
    },
    "schemaPath": "#/anyOf/43/const",
  },
  Object {
    "instancePath": "/citationType/0",
    "keyword": "const",
    "message": "must be equal to constant",
    "params": Object {
      "allowedValue": "IsCompiledBy",
    },
    "schemaPath": "#/anyOf/44/const",
  },
  Object {
    "instancePath": "/citationType/0",
    "keyword": "const",
    "message": "must be equal to constant",
    "params": Object {
      "allowedValue": "IsConfirmedBy",
    },
    "schemaPath": "#/anyOf/45/const",
  },
  Object {
    "instancePath": "/citationType/0",
    "keyword": "const",
    "message": "must be equal to constant",
    "params": Object {
      "allowedValue": "IsCorrectedBy",
    },
    "schemaPath": "#/anyOf/46/const",
  },
  Object {
    "instancePath": "/citationType/0",
    "keyword": "const",
    "message": "must be equal to constant",
    "params": Object {
      "allowedValue": "IsCreditedBy",
    },
    "schemaPath": "#/anyOf/47/const",
  },
  Object {
    "instancePath": "/citationType/0",
    "keyword": "const",
    "message": "must be equal to constant",
    "params": Object {
      "allowedValue": "IsCritiquedBy",
    },
    "schemaPath": "#/anyOf/48/const",
  },
  Object {
    "instancePath": "/citationType/0",
    "keyword": "const",
    "message": "must be equal to constant",
    "params": Object {
      "allowedValue": "IsDeridedBy",
    },
    "schemaPath": "#/anyOf/49/const",
  },
  Object {
    "instancePath": "/citationType/0",
    "keyword": "const",
    "message": "must be equal to constant",
    "params": Object {
      "allowedValue": "IsDescribedBy",
    },
    "schemaPath": "#/anyOf/50/const",
  },
  Object {
    "instancePath": "/citationType/0",
    "keyword": "const",
    "message": "must be equal to constant",
    "params": Object {
      "allowedValue": "IsDisagreedWithBy",
    },
    "schemaPath": "#/anyOf/51/const",
  },
  Object {
    "instancePath": "/citationType/0",
    "keyword": "const",
    "message": "must be equal to constant",
    "params": Object {
      "allowedValue": "IsDiscussedBy",
    },
    "schemaPath": "#/anyOf/52/const",
  },
  Object {
    "instancePath": "/citationType/0",
    "keyword": "const",
    "message": "must be equal to constant",
    "params": Object {
      "allowedValue": "IsDisputedBy",
    },
    "schemaPath": "#/anyOf/53/const",
  },
  Object {
    "instancePath": "/citationType/0",
    "keyword": "const",
    "message": "must be equal to constant",
    "params": Object {
      "allowedValue": "IsDocumentedBy",
    },
    "schemaPath": "#/anyOf/54/const",
  },
  Object {
    "instancePath": "/citationType/0",
    "keyword": "const",
    "message": "must be equal to constant",
    "params": Object {
      "allowedValue": "IsExtendedBy",
    },
    "schemaPath": "#/anyOf/55/const",
  },
  Object {
    "instancePath": "/citationType/0",
    "keyword": "const",
    "message": "must be equal to constant",
    "params": Object {
      "allowedValue": "IsLinkedToBy",
    },
    "schemaPath": "#/anyOf/56/const",
  },
  Object {
    "instancePath": "/citationType/0",
    "keyword": "const",
    "message": "must be equal to constant",
    "params": Object {
      "allowedValue": "IsParodiedBy",
    },
    "schemaPath": "#/anyOf/57/const",
  },
  Object {
    "instancePath": "/citationType/0",
    "keyword": "const",
    "message": "must be equal to constant",
    "params": Object {
      "allowedValue": "IsPlagiarizedBy",
    },
    "schemaPath": "#/anyOf/58/const",
  },
  Object {
    "instancePath": "/citationType/0",
    "keyword": "const",
    "message": "must be equal to constant",
    "params": Object {
      "allowedValue": "IsQualifiedBy",
    },
    "schemaPath": "#/anyOf/59/const",
  },
  Object {
    "instancePath": "/citationType/0",
    "keyword": "const",
    "message": "must be equal to constant",
    "params": Object {
      "allowedValue": "IsRefutedBy",
    },
    "schemaPath": "#/anyOf/60/const",
  },
  Object {
    "instancePath": "/citationType/0",
    "keyword": "const",
    "message": "must be equal to constant",
    "params": Object {
      "allowedValue": "IsRetractedBy",
    },
    "schemaPath": "#/anyOf/61/const",
  },
  Object {
    "instancePath": "/citationType/0",
    "keyword": "const",
    "message": "must be equal to constant",
    "params": Object {
      "allowedValue": "IsReviewedBy",
    },
    "schemaPath": "#/anyOf/62/const",
  },
  Object {
    "instancePath": "/citationType/0",
    "keyword": "const",
    "message": "must be equal to constant",
    "params": Object {
      "allowedValue": "IsRidiculedBy",
    },
    "schemaPath": "#/anyOf/63/const",
  },
  Object {
    "instancePath": "/citationType/0",
    "keyword": "const",
    "message": "must be equal to constant",
    "params": Object {
      "allowedValue": "IsSpeculatedOnBy",
    },
    "schemaPath": "#/anyOf/64/const",
  },
  Object {
    "instancePath": "/citationType/0",
    "keyword": "const",
    "message": "must be equal to constant",
    "params": Object {
      "allowedValue": "IsSupportedBy",
    },
    "schemaPath": "#/anyOf/65/const",
  },
  Object {
    "instancePath": "/citationType/0",
    "keyword": "const",
    "message": "must be equal to constant",
    "params": Object {
      "allowedValue": "IsUpdatedBy",
    },
    "schemaPath": "#/anyOf/66/const",
  },
  Object {
    "instancePath": "/citationType/0",
    "keyword": "const",
    "message": "must be equal to constant",
    "params": Object {
      "allowedValue": "JournalCartelCitation",
    },
    "schemaPath": "#/anyOf/67/const",
  },
  Object {
    "instancePath": "/citationType/0",
    "keyword": "const",
    "message": "must be equal to constant",
    "params": Object {
      "allowedValue": "JournalSelfCitation",
    },
    "schemaPath": "#/anyOf/68/const",
  },
  Object {
    "instancePath": "/citationType/0",
    "keyword": "const",
    "message": "must be equal to constant",
    "params": Object {
      "allowedValue": "Likes",
    },
    "schemaPath": "#/anyOf/69/const",
  },
  Object {
    "instancePath": "/citationType/0",
    "keyword": "const",
    "message": "must be equal to constant",
    "params": Object {
      "allowedValue": "LinksTo",
    },
    "schemaPath": "#/anyOf/70/const",
  },
  Object {
    "instancePath": "/citationType/0",
    "keyword": "const",
    "message": "must be equal to constant",
    "params": Object {
      "allowedValue": "ObtainsBackgroundFrom",
    },
    "schemaPath": "#/anyOf/71/const",
  },
  Object {
    "instancePath": "/citationType/0",
    "keyword": "const",
    "message": "must be equal to constant",
    "params": Object {
      "allowedValue": "ObtainsSupportFrom",
    },
    "schemaPath": "#/anyOf/72/const",
  },
  Object {
    "instancePath": "/citationType/0",
    "keyword": "const",
    "message": "must be equal to constant",
    "params": Object {
      "allowedValue": "Parodies",
    },
    "schemaPath": "#/anyOf/73/const",
  },
  Object {
    "instancePath": "/citationType/0",
    "keyword": "const",
    "message": "must be equal to constant",
    "params": Object {
      "allowedValue": "Plagiarizes",
    },
    "schemaPath": "#/anyOf/74/const",
  },
  Object {
    "instancePath": "/citationType/0",
    "keyword": "const",
    "message": "must be equal to constant",
    "params": Object {
      "allowedValue": "ProvidesAssertionFor",
    },
    "schemaPath": "#/anyOf/75/const",
  },
  Object {
    "instancePath": "/citationType/0",
    "keyword": "const",
    "message": "must be equal to constant",
    "params": Object {
      "allowedValue": "ProvidesConclusionsFor",
    },
    "schemaPath": "#/anyOf/76/const",
  },
  Object {
    "instancePath": "/citationType/0",
    "keyword": "const",
    "message": "must be equal to constant",
    "params": Object {
      "allowedValue": "ProvidesDataFor",
    },
    "schemaPath": "#/anyOf/77/const",
  },
  Object {
    "instancePath": "/citationType/0",
    "keyword": "const",
    "message": "must be equal to constant",
    "params": Object {
      "allowedValue": "ProvidesExcerptFor",
    },
    "schemaPath": "#/anyOf/78/const",
  },
  Object {
    "instancePath": "/citationType/0",
    "keyword": "const",
    "message": "must be equal to constant",
    "params": Object {
      "allowedValue": "ProvidesMethodFor",
    },
    "schemaPath": "#/anyOf/79/const",
  },
  Object {
    "instancePath": "/citationType/0",
    "keyword": "const",
    "message": "must be equal to constant",
    "params": Object {
      "allowedValue": "ProvidesQuotationFor",
    },
    "schemaPath": "#/anyOf/80/const",
  },
  Object {
    "instancePath": "/citationType/0",
    "keyword": "const",
    "message": "must be equal to constant",
    "params": Object {
      "allowedValue": "Qualifies",
    },
    "schemaPath": "#/anyOf/81/const",
  },
  Object {
    "instancePath": "/citationType/0",
    "keyword": "const",
    "message": "must be equal to constant",
    "params": Object {
      "allowedValue": "Refutes",
    },
    "schemaPath": "#/anyOf/82/const",
  },
  Object {
    "instancePath": "/citationType/0",
    "keyword": "const",
    "message": "must be equal to constant",
    "params": Object {
      "allowedValue": "RepliesTo",
    },
    "schemaPath": "#/anyOf/83/const",
  },
  Object {
    "instancePath": "/citationType/0",
    "keyword": "const",
    "message": "must be equal to constant",
    "params": Object {
      "allowedValue": "Retracts",
    },
    "schemaPath": "#/anyOf/84/const",
  },
  Object {
    "instancePath": "/citationType/0",
    "keyword": "const",
    "message": "must be equal to constant",
    "params": Object {
      "allowedValue": "Reviews",
    },
    "schemaPath": "#/anyOf/85/const",
  },
  Object {
    "instancePath": "/citationType/0",
    "keyword": "const",
    "message": "must be equal to constant",
    "params": Object {
      "allowedValue": "Ridicules",
    },
    "schemaPath": "#/anyOf/86/const",
  },
  Object {
    "instancePath": "/citationType/0",
    "keyword": "const",
    "message": "must be equal to constant",
    "params": Object {
      "allowedValue": "SelfCitation",
    },
    "schemaPath": "#/anyOf/87/const",
  },
  Object {
    "instancePath": "/citationType/0",
    "keyword": "const",
    "message": "must be equal to constant",
    "params": Object {
      "allowedValue": "SharesAuthorInstitutionWith",
    },
    "schemaPath": "#/anyOf/88/const",
  },
  Object {
    "instancePath": "/citationType/0",
    "keyword": "const",
    "message": "must be equal to constant",
    "params": Object {
      "allowedValue": "SharesAuthorWith",
    },
    "schemaPath": "#/anyOf/89/const",
  },
  Object {
    "instancePath": "/citationType/0",
    "keyword": "const",
    "message": "must be equal to constant",
    "params": Object {
      "allowedValue": "SharesFundingAgencyWith",
    },
    "schemaPath": "#/anyOf/90/const",
  },
  Object {
    "instancePath": "/citationType/0",
    "keyword": "const",
    "message": "must be equal to constant",
    "params": Object {
      "allowedValue": "SharesJournalWith",
    },
    "schemaPath": "#/anyOf/91/const",
  },
  Object {
    "instancePath": "/citationType/0",
    "keyword": "const",
    "message": "must be equal to constant",
    "params": Object {
      "allowedValue": "SharesPublicationVenueWith",
    },
    "schemaPath": "#/anyOf/92/const",
  },
  Object {
    "instancePath": "/citationType/0",
    "keyword": "const",
    "message": "must be equal to constant",
    "params": Object {
      "allowedValue": "SpeculatesOn",
    },
    "schemaPath": "#/anyOf/93/const",
  },
  Object {
    "instancePath": "/citationType/0",
    "keyword": "const",
    "message": "must be equal to constant",
    "params": Object {
      "allowedValue": "Supports",
    },
    "schemaPath": "#/anyOf/94/const",
  },
  Object {
    "instancePath": "/citationType/0",
    "keyword": "const",
    "message": "must be equal to constant",
    "params": Object {
      "allowedValue": "Updates",
    },
    "schemaPath": "#/anyOf/95/const",
  },
  Object {
    "instancePath": "/citationType/0",
    "keyword": "const",
    "message": "must be equal to constant",
    "params": Object {
      "allowedValue": "UsesConclusionsFrom",
    },
    "schemaPath": "#/anyOf/96/const",
  },
  Object {
    "instancePath": "/citationType/0",
    "keyword": "const",
    "message": "must be equal to constant",
    "params": Object {
      "allowedValue": "UsesDataFrom",
    },
    "schemaPath": "#/anyOf/97/const",
  },
  Object {
    "instancePath": "/citationType/0",
    "keyword": "const",
    "message": "must be equal to constant",
    "params": Object {
      "allowedValue": "UsesMethodIn",
    },
    "schemaPath": "#/anyOf/98/const",
  },
  Object {
    "instancePath": "/citationType/0",
    "keyword": "anyOf",
    "message": "must match a schema in anyOf",
    "params": Object {},
    "schemaPath": "#/anyOf",
  },
]
`;
