---
source: rust/codec-jats/tests/examples.rs
expression: categories
---
biorxiv-465267 decode:
  content: 20
  link-or-identifier: 749
  metadata: 39
  presentation: 1443
biorxiv-465267 encode:
  link-or-identifier: 1
  metadata: 134
biorxiv-573522 decode:
  content: 1
  link-or-identifier: 451
  metadata: 33
  presentation: 770
biorxiv-573522 encode:
  link-or-identifier: 1
  metadata: 51
biorxiv-630838 decode:
  content: 210
  link-or-identifier: 888
  metadata: 80
  presentation: 1224
biorxiv-630838 encode:
  link-or-identifier: 1
  metadata: 95
elife-94334-v1 decode:
  content: 21
  link-or-identifier: 139
  metadata: 66
  presentation: 276
elife-94334-v1 encode:
  link-or-identifier: 1
  metadata: 146
pmc-11518443 decode:
  link-or-identifier: 15
  metadata: 8
  presentation: 4
pmc-11518443 encode:
  link-or-identifier: 1
  metadata: 2
pmc-12354728 decode:
  content: 2
  link-or-identifier: 120
  metadata: 85
  presentation: 204
pmc-12354728 encode:
  link-or-identifier: 1
  metadata: 45
pmc-12431436 decode:
  content: 1
  link-or-identifier: 82
  metadata: 119
  presentation: 246
pmc-12431436 encode:
  link-or-identifier: 1
  metadata: 51
pmc-6849754 decode:
  content: 301
  link-or-identifier: 175
  metadata: 64
  presentation: 117
pmc-6849754 encode:
  link-or-identifier: 1
  metadata: 67
pmc-8438044 decode:
  content: 1
  link-or-identifier: 189
  metadata: 35
  presentation: 640
pmc-8438044 encode:
  link-or-identifier: 1
  metadata: 93
pmc-9786276 decode:
  content: 3
  link-or-identifier: 144
  metadata: 29
  presentation: 759
pmc-9786276 encode:
  link-or-identifier: 1
  metadata: 74
