start     end        offsets   node_type+property                   authorship
     0     35        (0, 35)   Text.value
     0     35         (0, 0)   Text
     0     35         (0, 0)   Paragraph.content
     0     36         (0, 1)   Paragraph
    42    101       (42, 65)   StyledBlock.code
   104    125       (62, 24)   Text.value
   104    125         (0, 0)   Text
   104    125         (0, 0)   Paragraph.content
   104    126         (0, 1)   Paragraph
   127    148       (23, 22)   Text.value
   127    148         (0, 0)   Text
   127    148         (0, 0)   Paragraph.content
   127    149         (0, 1)   Paragraph
   104    150       (-23, 1)   StyledBlock.content
    37    154       (-67, 4)   StyledBlock
   155    185      (118, 31)   Text.value
   155    185         (0, 0)   Text
   155    185         (0, 0)   Paragraph.content
   155    186         (0, 1)   Paragraph
   192    201       (37, 15)   StyledBlock.code
   204    221       (12, 20)   Text.value
   204    221         (0, 0)   Text
   204    221         (0, 0)   Paragraph.content
   204    222         (0, 1)   Paragraph
   204    223         (0, 1)   StyledBlock.content
   187    227       (-17, 4)   StyledBlock
   228    249       (41, 22)   Text.value
   228    249         (0, 0)   Text
   228    249         (0, 0)   Paragraph.content
   228    250         (0, 1)   Paragraph
   256    270       (28, 20)   StyledBlock.code
   273    289       (17, 19)   Text.value
   273    289         (0, 0)   Text
   273    289         (0, 0)   Paragraph.content
   273    290         (0, 1)   Paragraph
   296    307       (23, 17)   StyledBlock.code
   310    326       (14, 19)   Text.value
   310    326         (0, 0)   Text
   310    326         (0, 0)   Paragraph.content
   310    327         (0, 1)   Paragraph
   310    328         (0, 1)   StyledBlock.content
   291    332       (-19, 4)   StyledBlock
   273    333       (-18, 1)   StyledBlock.content
   251    337       (-22, 4)   StyledBlock
   338    373       (87, 36)   Text.value
   338    373         (0, 0)   Text
   338    373         (0, 0)   Paragraph.content
   338    374         (0, 1)   Paragraph
   380    411       (42, 37)   StyledBlock.code
   414    443       (34, 32)   Text.value
   414    443         (0, 0)   Text
   414    443         (0, 0)   Paragraph.content
   414    444         (0, 1)   Paragraph
   414    445         (0, 1)   StyledBlock.content
   375    449       (-39, 4)   StyledBlock
     0    450      (-375, 1)   Article.content
     0    450         (0, 0)   Article
