 start    end    offsets   node_id                  node_type+property
     0     20       0/20   txt_111111MG             Text
    22     32      22/12   par_111111MJ             Parameter.name
    34     38       12/6   par_111111MJ             Parameter.validator
    38     38        4/0   bov_111111MH             BooleanValidator
    38     38        0/0   par_111111MJ             Parameter.validator
    20     39      -18/1   par_111111MJ             Parameter
    39     56      19/17   txt_111111MK             Text
    58     68      19/12   par_111111MM             Parameter.name
    70     74       12/6   par_111111MM             Parameter.validator
    79     83        9/9   par_111111MM             Parameter.default
    83     83        4/0   bov_111111ML             BooleanValidator
    83     83        0/0   par_111111MM             Parameter.validator
    56     84      -27/1   par_111111MM             Parameter
    84    111      28/27   txt_111111MN             Text
   113    123      29/12   par_111111MQ             Parameter.name
   125    129       12/6   par_111111MQ             Parameter.validator
   134    139       9/10   par_111111MQ             Parameter.default
   139    139        5/0   bov_111111MP             BooleanValidator
   139    139        0/0   par_111111MQ             Parameter.validator
   111    140      -28/1   par_111111MQ             Parameter
     0    140     -111/0   pgh_111111MR             Paragraph.content
     0    141        0/1   pgh_111111MR             Paragraph
   142    163     142/22   txt_111111MS             Text
   165    174      23/11   par_111111MU             Parameter.name
   176    179       11/5   par_111111MU             Parameter.validator
   179    179        3/0   inv_111111MT             IntegerValidator
   179    179        0/0   par_111111MU             Parameter.validator
   163    180      -16/1   par_111111MU             Parameter
   180    197      17/17   txt_111111MV             Text
   199    208      19/11   par_111111MX             Parameter.name
   210    213       11/5   par_111111MX             Parameter.validator
   218    221        8/8   par_111111MX             Parameter.default
   221    221        3/0   inv_111111MW             IntegerValidator
   221    221        0/0   par_111111MX             Parameter.validator
   197    222      -24/1   par_111111MX             Parameter
   222    249      25/27   txt_111111MY             Text
   251    260      29/11   par_111111Ma             Parameter.name
   262    265       11/5   par_111111Ma             Parameter.validator
   270    273        8/8   par_111111Ma             Parameter.default
   273    273        3/0   inv_111111MZ             IntegerValidator
   273    273        0/0   par_111111Ma             Parameter.validator
   249    274      -24/1   par_111111Ma             Parameter
   274    307      25/33   txt_111111Mb             Text
   309    318      35/11   par_111111Md             Parameter.name
   320    323       11/5   par_111111Md             Parameter.validator
   328    331        8/8   par_111111Md             Parameter.default
   336    340        8/9   inv_111111Mc             IntegerValidator.minimum
   345    348        9/8   inv_111111Mc             IntegerValidator.maximum
   354    355        9/7   inv_111111Mc             IntegerValidator.multiple_of
   331    355      -23/0   inv_111111Mc             IntegerValidator
   331    355        0/0   par_111111Md             Parameter.validator
   307    356      -24/1   par_111111Md             Parameter
   142    356     -165/0   pgh_111111Me             Paragraph.content
   142    357        0/1   pgh_111111Me             Paragraph
   358    377     216/20   txt_111111Mf             Text
   379    388      21/11   par_111111Mh             Parameter.name
   390    393       11/5   par_111111Mh             Parameter.validator
   398    402        8/9   par_111111Mh             Parameter.default
   407    412       9/10   nuv_111111Mg             NumberValidator.minimum
   418    423      11/11   nuv_111111Mg             NumberValidator.exclusive_minimum
   428    432       10/9   nuv_111111Mg             NumberValidator.maximum
   438    442      10/10   nuv_111111Mg             NumberValidator.exclusive_maximum
   448    451       10/9   nuv_111111Mg             NumberValidator.multiple_of
   402    451      -46/0   nuv_111111Mg             NumberValidator
   402    451        0/0   par_111111Mh             Parameter.validator
   377    452      -25/1   par_111111Mh             Parameter
   358    452      -19/0   pgh_111111Mi             Paragraph.content
   358    453        0/1   pgh_111111Mi             Paragraph
   454    473      96/20   txt_111111Mj             Text
   475    484      21/11   par_111111Mm             Parameter.name
   486    489       11/5   par_111111Mm             Parameter.validator
   494    501       8/12   par_111111Mm             Parameter.default
   509    510       15/9   stv_111111Mk             StringValidator.min_length
   518    520       9/10   stv_111111Mk             StringValidator.max_length
   529    537      11/17   stv_111111Mk             StringValidator.pattern
   501    537      -28/0   stv_111111Mk             StringValidator
   501    537        0/0   par_111111Mm             Parameter.validator
   473    538      -28/1   par_111111Mm             Parameter
   538    565      65/27   txt_111111Mn             Text
   567    576      29/11   par_111111Mp             Parameter.name
   578    581       11/5   par_111111Mp             Parameter.validator
   586    591       8/10   par_111111Mp             Parameter.default
   600    605      14/14   stv_111111Mo             StringValidator.pattern
   591    605       -9/0   stv_111111Mo             StringValidator
   591    605        0/0   par_111111Mp             Parameter.validator
   565    606      -26/1   par_111111Mp             Parameter
   454    606     -111/0   pgh_111111Mq             Paragraph.content
   454    607        0/1   pgh_111111Mq             Paragraph
   608    625     154/18   txt_111111Mr             Text
   627    635      19/10   par_111111Mv             Parameter.name
   637    641       10/6   par_111111Mv             Parameter.validator
   646    658       9/17   par_111111Mv             Parameter.default
   663    675      17/17   dav_111111Mu             DateValidator.minimum
   680    692      17/17   dav_111111Mu             DateValidator.maximum
   658    692      -22/0   dav_111111Mu             DateValidator
   658    692        0/0   par_111111Mv             Parameter.validator
   625    693      -33/1   par_111111Mv             Parameter
   608    693      -17/0   pgh_111111Mw             Paragraph.content
   608    694        0/1   pgh_111111Mw             Paragraph
   695    712      87/18   txt_111111Mx             Text
   714    722      19/10   par_111111N2             Parameter.name
   724    728       10/6   par_111111N2             Parameter.validator
   733    740       9/12   par_111111N2             Parameter.default
   745    752      12/12   tmv_111111N1             TimeValidator.minimum
   757    764      12/12   tmv_111111N1             TimeValidator.maximum
   740    764      -17/0   tmv_111111N1             TimeValidator
   740    764        0/0   par_111111N2             Parameter.validator
   712    765      -28/1   par_111111N2             Parameter
   695    765      -17/0   pgh_111111N3             Paragraph.content
   695    766        0/1   pgh_111111N3             Paragraph
   767    789      72/23   txt_111111N4             Text
   791    804      24/15   par_111111N8             Parameter.name
   806    814      15/10   par_111111N8             Parameter.validator
   819    837      13/23   par_111111N8             Parameter.default
   842    860      23/23   dtv_111111N7             DateTimeValidator.minimum
   865    883      23/23   dtv_111111N7             DateTimeValidator.maximum
   837    883      -28/0   dtv_111111N7             DateTimeValidator
   837    883        0/0   par_111111N8             Parameter.validator
   789    884      -48/1   par_111111N8             Parameter
   767    884      -22/0   pgh_111111N9             Paragraph.content
   767    885        0/1   pgh_111111N9             Paragraph
   886    904     119/19   txt_111111NA             Text
   906    914      20/10   par_111111NC             Parameter.name
   916    920       10/6   par_111111NC             Parameter.validator
   925    932       9/12   par_111111NC             Parameter.default
   938    960      13/28   env_111111NB             EnumValidator.values
   932    960       -6/0   env_111111NB             EnumValidator
   932    960        0/0   par_111111NC             Parameter.validator
   904    961      -28/1   par_111111NC             Parameter
   886    961      -18/0   pgh_111111ND             Paragraph.content
   886    962        0/1   pgh_111111ND             Paragraph
     0    963     -886/1   art_111111NE             Article.content
     0    962       0/-1   art_111111NE             Article
