start     end        offsets   node_type+property                   authorship
     0    133       (0, 133)   Text.value
     0    133         (0, 0)   Text
     0    133         (0, 0)   Paragraph.content
     0    134         (0, 1)   Paragraph
   135    160      (135, 26)   Text.value
   135    160         (0, 0)   Text
   162    167        (27, 7)   Text.value
   162    167         (0, 0)   Text
   162    167         (0, 0)   AudioObject.caption
   169    196        (7, 29)   AudioObject.contentUrl
   160    197        (-9, 1)   AudioObject
   197    199        (37, 2)   Text.value
   197    199         (0, 0)   Text
   202    217        (5, 18)   CodeExpression.code
   199    220        (-3, 3)   CodeExpression
   220    222        (21, 2)   Text.value
   220    222         (0, 0)   Text
   223    234        (3, 12)   CodeInline.code
   222    235        (-1, 1)   CodeInline
   235    237        (13, 2)   Text.value
   235    237         (0, 0)   Text
   238    246         (3, 9)   Text.value
   238    246         (0, 0)   Text
   238    246         (0, 0)   Emphasis.content
   237    247        (-1, 1)   Emphasis
   247    249        (10, 2)   Text.value
   247    249         (0, 0)   Text
   251    256         (4, 7)   Text.value
   251    256         (0, 0)   Text
   251    256         (0, 0)   ImageObject.caption
   258    285        (7, 29)   ImageObject.contentUrl
   249    286        (-9, 1)   ImageObject
   286    288        (37, 2)   Text.value
   286    288         (0, 0)   Text
   289    293         (3, 5)   Text.value
   289    293         (0, 0)   Text
   289    293         (0, 0)   Link.content
   295    314        (6, 21)   Link.target
   288    315        (-7, 1)   Link
   315    317        (27, 2)   Text.value
   315    317         (0, 0)   Text
   318    329        (3, 12)   MathInline.code
   317    330        (-1, 1)   MathInline
   330    332        (13, 2)   Text.value
   330    332         (0, 0)   Text
   336    338         (6, 6)   Text.value
   336    338         (0, 0)   Text
   340    349        (4, 11)   Parameter.name
   338    350        (-2, 1)   Parameter
   350    352        (12, 2)   Text.value
   350    352         (0, 0)   Text
   355    367        (5, 15)   Text.value
   355    367         (0, 0)   Text
   355    367         (0, 0)   QuoteInline.content
   352    371        (-3, 4)   QuoteInline
   371    373        (19, 2)   Text.value
   371    373         (0, 0)   Text
   374    387        (3, 14)   Text.value
   374    387         (0, 0)   Text
   374    387         (0, 0)   StyledInline.content
   389    402       (15, 15)   StyledInline.code
   373    403       (-16, 1)   StyledInline
   403    405        (30, 2)   Text.value
   403    405         (0, 0)   Text
   407    416        (4, 11)   Text.value
   407    416         (0, 0)   Text
   407    416         (0, 0)   Strikeout.content
   405    418        (-2, 2)   Strikeout
   418    420        (13, 2)   Text.value
   418    420         (0, 0)   Text
   422    437        (4, 17)   Text.value
   422    437         (0, 0)   Text
   422    437         (0, 0)   Strong.content
   420    439        (-2, 2)   Strong
   439    441        (19, 2)   Text.value
   439    441         (0, 0)   Text
   442    451        (3, 10)   Text.value
   442    451         (0, 0)   Text
   442    451         (0, 0)   Subscript.content
   441    452        (-1, 1)   Subscript
   452    454        (11, 2)   Text.value
   452    454         (0, 0)   Text
   455    466        (3, 12)   Text.value
   455    466         (0, 0)   Text
   455    466         (0, 0)   Superscript.content
   454    467        (-1, 1)   Superscript
   467    469        (13, 2)   Text.value
   467    469         (0, 0)   Text
   472    481        (5, 12)   Text.value
   472    481         (0, 0)   Text
   472    481         (0, 0)   Underline.content
   469    485        (-3, 4)   Underline
   485    487        (16, 2)   Text.value
   485    487         (0, 0)   Text
   489    494         (4, 7)   Text.value
   489    494         (0, 0)   Text
   489    494         (0, 0)   VideoObject.caption
   496    523        (7, 29)   VideoObject.contentUrl
   487    524        (-9, 1)   VideoObject
   524    525        (37, 1)   Text.value
   524    525         (0, 0)   Text
   135    525      (-389, 0)   Paragraph.content
   135    526         (0, 1)   Paragraph
   536    550      (401, 24)   CallBlock.source
   527    551        (-9, 1)   CallBlock
   556    565       (29, 14)   Claim.claimType
   567    582       (11, 17)   Text.value
   567    582         (0, 0)   Text
   567    582         (0, 0)   Paragraph.content
   567    583         (0, 1)   Paragraph
   567    584         (0, 1)   Claim.content
   552    588       (-15, 4)   Claim
   593    613       (41, 25)   CodeBlock.code
   589    618        (-4, 5)   CodeBlock
   627    647       (38, 29)   CodeChunk.code
   619    652        (-8, 5)   CodeChunk
   661    665       (42, 13)   ForBlock.variable
   669    674         (8, 9)   ForBlock.code
   676    695        (7, 21)   Text.value
   676    695         (0, 0)   Text
   676    695         (0, 0)   Paragraph.content
   676    696         (0, 1)   Paragraph
   676    697         (0, 1)   ForBlock.content
   653    701       (-23, 4)   ForBlock
   702    703        (49, 2)   Heading.level
   704    721        (2, 18)   Text.value
   704    721         (0, 0)   Text
   704    721         (0, 0)   Heading.content
   702    722        (-2, 1)   Heading
   730    735       (28, 13)   IfBlockClause.code
   737    756        (7, 21)   Text.value
   737    756         (0, 0)   Text
   737    756         (0, 0)   Paragraph.content
   737    757         (0, 1)   Paragraph
   737    758         (0, 1)   IfBlockClause.content
   730    757       (-7, -1)   IfBlockClause
   730    758         (0, 1)   IfBlock.clauses
   723    762        (-7, 4)   IfBlock
   775    793       (52, 31)   IncludeBlock.source
   763    794       (-12, 1)   IncludeBlock
   797    811       (34, 17)   Text.value
   797    811         (0, 0)   Text
   797    811         (0, 0)   Paragraph.content
   797    812         (0, 1)   Paragraph
   797    813         (0, 1)   ListItem.content
   797    812        (0, -1)   ListItem
   795    812        (-2, 0)   List
   816    836       (21, 24)   MathBlock.code
   813    840        (-3, 4)   MathBlock
   843    864       (30, 24)   Text.value
   843    864         (0, 0)   Text
   843    864         (0, 0)   Paragraph.content
   841    868        (-2, 4)   Paragraph
   841    868         (0, 0)   QuoteBlock.content
   841    865        (0, -3)   QuoteBlock
   879    896       (38, 31)   Text.value
   879    896         (0, 0)   Text
   879    896         (0, 0)   Paragraph.content
   879    897         (0, 1)   Paragraph
   879    898         (0, 1)   Section.content
   866    902       (-13, 4)   Section
   913    939       (47, 37)   StyledBlock.code
   941    963       (28, 24)   Text.value
   941    963         (0, 0)   Text
   941    963         (0, 0)   Paragraph.content
   941    964         (0, 1)   Paragraph
   941    965         (0, 1)   StyledBlock.content
   903    969       (-38, 4)   StyledBlock
   971    976        (68, 7)   TableCell
   970    978        (-1, 2)   TableRow
   987    992       (17, 14)   TableCell
   986    994        (-1, 2)   TableRow
   970    994       (-16, 0)   Table
   995    999        (25, 5)   ThematicBreak
     0   1000      (-995, 1)   Article.content
  1006   1016     (1006, 16)   Text.value
  1006   1016         (0, 0)   Text
  1006   1016         (0, 0)   Paragraph.content
  1006   1017         (0, 1)   Paragraph
  1000   1017        (-6, 0)   Note
     0   1018     (-1000, 1)   Article
