start     end        offsets   node_type+property                   authorship
     0    133       (0, 133)   Text.value
     0    133         (0, 0)   Text
     0    133         (0, 0)   Paragraph.content
     0    134         (0, 1)   Paragraph
   135    160      (135, 26)   Text.value
   135    160         (0, 0)   Text
   162    167        (27, 7)   Text.value
   162    167         (0, 0)   Text
   162    167         (0, 0)   AudioObject.caption
   169    196        (7, 29)   AudioObject.contentUrl
   160    197        (-9, 1)   AudioObject
   197    199        (37, 2)   Text.value
   197    199         (0, 0)   Text
   202    217        (5, 18)   CodeExpression.code
   199    220        (-3, 3)   CodeExpression
   220    222        (21, 2)   Text.value
   220    222         (0, 0)   Text
   223    234        (3, 12)   CodeInline.code
   222    235        (-1, 1)   CodeInline
   244    252       (22, 17)   Text.value
   244    252         (0, 0)   Text
   244    252         (0, 0)   DeleteInline.content
   235    254        (-9, 2)   DeleteInline
   254    256        (19, 2)   Text.value
   254    256         (0, 0)   Text
   257    265         (3, 9)   Text.value
   257    265         (0, 0)   Text
   257    265         (0, 0)   Emphasis.content
   256    266        (-1, 1)   Emphasis
   266    268        (10, 2)   Text.value
   266    268         (0, 0)   Text
   270    275         (4, 7)   Text.value
   270    275         (0, 0)   Text
   270    275         (0, 0)   ImageObject.caption
   277    304        (7, 29)   ImageObject.contentUrl
   268    305        (-9, 1)   ImageObject
   314    322       (46, 17)   Text.value
   314    322         (0, 0)   Text
   314    322         (0, 0)   InsertInline.content
   305    324        (-9, 2)   InsertInline
   324    326        (19, 2)   Text.value
   324    326         (0, 0)   Text
   327    331         (3, 5)   Text.value
   327    331         (0, 0)   Text
   327    331         (0, 0)   Link.content
   333    352        (6, 21)   Link.target
   326    353        (-7, 1)   Link
   353    355        (27, 2)   Text.value
   353    355         (0, 0)   Text
   356    367        (3, 12)   MathInline.code
   355    368        (-1, 1)   MathInline
   368    370        (13, 2)   Text.value
   368    370         (0, 0)   Text
   374    376         (6, 6)   Text.value
   374    376         (0, 0)   Text
   378    387        (4, 11)   Parameter.name
   376    388        (-2, 1)   Parameter
   388    390        (12, 2)   Text.value
   388    390         (0, 0)   Text
   393    405        (5, 15)   Text.value
   393    405         (0, 0)   Text
   393    405         (0, 0)   QuoteInline.content
   390    409        (-3, 4)   QuoteInline
   419    424       (29, 15)   Text.value
   419    424         (0, 0)   Text
   419    424         (0, 0)   ReplaceInline.content
   426    431         (7, 7)   Text.value
   426    431         (0, 0)   Text
   426    431         (0, 0)   ReplaceInline.replacement
   409    433       (-17, 2)   ReplaceInline
   433    435        (24, 2)   Text.value
   433    435         (0, 0)   Text
   436    449        (3, 14)   Text.value
   436    449         (0, 0)   Text
   436    449         (0, 0)   StyledInline.content
   451    464       (15, 15)   StyledInline.code
   435    465       (-16, 1)   StyledInline
   465    467        (30, 2)   Text.value
   465    467         (0, 0)   Text
   469    478        (4, 11)   Text.value
   469    478         (0, 0)   Text
   469    478         (0, 0)   Strikeout.content
   467    480        (-2, 2)   Strikeout
   480    482        (13, 2)   Text.value
   480    482         (0, 0)   Text
   484    499        (4, 17)   Text.value
   484    499         (0, 0)   Text
   484    499         (0, 0)   Strong.content
   482    501        (-2, 2)   Strong
   501    503        (19, 2)   Text.value
   501    503         (0, 0)   Text
   504    513        (3, 10)   Text.value
   504    513         (0, 0)   Text
   504    513         (0, 0)   Subscript.content
   503    514        (-1, 1)   Subscript
   514    516        (11, 2)   Text.value
   514    516         (0, 0)   Text
   517    528        (3, 12)   Text.value
   517    528         (0, 0)   Text
   517    528         (0, 0)   Superscript.content
   516    529        (-1, 1)   Superscript
   529    531        (13, 2)   Text.value
   529    531         (0, 0)   Text
   534    543        (5, 12)   Text.value
   534    543         (0, 0)   Text
   534    543         (0, 0)   Underline.content
   531    547        (-3, 4)   Underline
   547    549        (16, 2)   Text.value
   547    549         (0, 0)   Text
   551    556         (4, 7)   Text.value
   551    556         (0, 0)   Text
   551    556         (0, 0)   VideoObject.caption
   558    585        (7, 29)   VideoObject.contentUrl
   549    586        (-9, 1)   VideoObject
   586    587        (37, 1)   Text.value
   586    587         (0, 0)   Text
   135    587      (-451, 0)   Paragraph.content
   135    588         (0, 1)   Paragraph
   598    612      (463, 24)   CallBlock.source
   589    613        (-9, 1)   CallBlock
   618    627       (29, 14)   Claim.claimType
   629    644       (11, 17)   Text.value
   629    644         (0, 0)   Text
   629    644         (0, 0)   Paragraph.content
   629    645         (0, 1)   Paragraph
   629    646         (0, 1)   Claim.content
   614    650       (-15, 4)   Claim
   655    675       (41, 25)   CodeBlock.code
   651    680        (-4, 5)   CodeBlock
   689    709       (38, 29)   CodeChunk.code
   681    714        (-8, 5)   CodeChunk
   727    758       (46, 44)   Text.value
   727    758         (0, 0)   Text
   727    758         (0, 0)   Paragraph.content
   727    759         (0, 1)   Paragraph
   727    760         (0, 1)   DeleteBlock.content
   715    764       (-12, 4)   DeleteBlock
   773    777       (58, 13)   ForBlock.variable
   781    786         (8, 9)   ForBlock.code
   788    807        (7, 21)   Text.value
   788    807         (0, 0)   Text
   788    807         (0, 0)   Paragraph.content
   788    808         (0, 1)   Paragraph
   788    809         (0, 1)   ForBlock.content
   765    813       (-23, 4)   ForBlock
   814    815        (49, 2)   Heading.level
   816    833        (2, 18)   Text.value
   816    833         (0, 0)   Text
   816    833         (0, 0)   Heading.content
   814    834        (-2, 1)   Heading
   842    847       (28, 13)   IfBlockClause.code
   849    868        (7, 21)   Text.value
   849    868         (0, 0)   Text
   849    868         (0, 0)   Paragraph.content
   849    869         (0, 1)   Paragraph
   849    870         (0, 1)   IfBlockClause.content
   842    869       (-7, -1)   IfBlockClause
   842    870         (0, 1)   IfBlock.clauses
   835    874        (-7, 4)   IfBlock
   887    905       (52, 31)   IncludeBlock.source
   875    906       (-12, 1)   IncludeBlock
   919    951       (44, 45)   Text.value
   919    951         (0, 0)   Text
   919    951         (0, 0)   Paragraph.content
   919    952         (0, 1)   Paragraph
   919    953         (0, 1)   InsertBlock.content
   907    957       (-12, 4)   InsertBlock
   960    974       (53, 17)   Text.value
   960    974         (0, 0)   Text
   960    974         (0, 0)   Paragraph.content
   960    975         (0, 1)   Paragraph
   960    976         (0, 1)   ListItem.content
   960    975        (0, -1)   ListItem
   958    975        (-2, 0)   List
   979    999       (21, 24)   MathBlock.code
   976   1003        (-3, 4)   MathBlock
  1006   1027       (30, 24)   Text.value
  1006   1027         (0, 0)   Text
  1006   1027         (0, 0)   Paragraph.content
  1004   1031        (-2, 4)   Paragraph
  1004   1031         (0, 0)   QuoteBlock.content
  1004   1028        (0, -3)   QuoteBlock
  1042   1055       (38, 27)   Text.value
  1042   1055         (0, 0)   Text
  1042   1055         (0, 0)   Paragraph.content
  1042   1056         (0, 1)   Paragraph
  1042   1057         (0, 1)   ReplaceBlock.content
  1067   1080       (25, 23)   Text.value
  1067   1080         (0, 0)   Text
  1067   1080         (0, 0)   Paragraph.content
  1067   1081         (0, 1)   Paragraph
  1067   1082         (0, 1)   ReplaceBlock.replacement
  1029   1086       (-38, 4)   ReplaceBlock
  1100   1117       (71, 31)   Text.value
  1100   1117         (0, 0)   Text
  1100   1117         (0, 0)   Paragraph.content
  1100   1118         (0, 1)   Paragraph
  1100   1119         (0, 1)   Section.content
  1087   1123       (-13, 4)   Section
  1134   1160       (47, 37)   StyledBlock.code
  1162   1184       (28, 24)   Text.value
  1162   1184         (0, 0)   Text
  1162   1184         (0, 0)   Paragraph.content
  1162   1185         (0, 1)   Paragraph
  1162   1186         (0, 1)   StyledBlock.content
  1124   1190       (-38, 4)   StyledBlock
  1192   1197        (68, 7)   TableCell
  1191   1199        (-1, 2)   TableRow
  1208   1213       (17, 14)   TableCell
  1207   1215        (-1, 2)   TableRow
  1191   1215       (-16, 0)   Table
  1216   1220        (25, 5)   ThematicBreak
     0   1221     (-1216, 1)   Article.content
  1227   1237     (1227, 16)   Text.value
  1227   1237         (0, 0)   Text
  1227   1237         (0, 0)   Paragraph.content
  1227   1238         (0, 1)   Paragraph
  1221   1238        (-6, 0)   Note
     0   1239     (-1221, 1)   Article
