start     end        offsets   node_type+property                   authorship
     0    133       (0, 133)   Paragraph
   160    197      (160, 64)   AudioObject
   199    222       (39, 25)   CodeExpression
   224    237       (25, 15)   CodeInline
   239    249       (15, 12)   Emphasis
   251    288       (12, 39)   ImageObject
   290    317       (39, 29)   Link
   319    332       (29, 15)   MathInline
   334    338        (15, 6)   Note
   340    352        (6, 14)   Parameter
   354    373       (14, 21)   QuoteInline
   375    405       (21, 32)   StyledInline
   407    420       (32, 15)   Strikeout
   422    441       (15, 21)   Strong
   443    454       (21, 13)   Subscript
   456    469       (13, 15)   Superscript
   471    487       (15, 18)   Underline
   489    526       (18, 39)   VideoObject
   135    527      (-354, 1)   Paragraph
   529    552      (394, 25)   CallBlock
   554    642       (25, 90)   Claim
   644    672       (90, 30)   CodeBlock
   674    713       (30, 41)   CodeChunk
   739    758       (65, 45)   Paragraph
   715    763       (-24, 5)   ForBlock
   765    784       (50, 21)   Heading
   801    820       (36, 36)   Paragraph
   786    825       (-15, 5)   IfBlockClause
   786    825         (0, 0)   IfBlock
   827    862       (41, 37)   IncludeBlock
   866    880       (39, 18)   Paragraph
   864    881        (-2, 1)   ListItem
   864    881         (0, 0)   List
   882    908       (18, 27)   MathBlock
   912    933       (30, 25)   Paragraph
   910    933        (-2, 0)   QuoteBlock
   948    965       (38, 32)   Paragraph
   935    970       (-13, 5)   Section
   972   1086      (37, 116)   StyledBlock
  1088   1095       (116, 9)   TableCell
  1088   1095         (0, 0)   TableRow
  1104   1111       (16, 16)   TableCell
  1104   1111         (0, 0)   TableRow
  1088   1111       (-16, 0)   Table
  1113   1116        (25, 5)   ThematicBreak
  1124   1134       (11, 18)   Paragraph
     0   1135     (-1124, 1)   Article
