start     end        offsets   node_type+property                   authorship
     0    133       (0, 133)   Paragraph
   160    197      (160, 64)   AudioObject
   199    222       (39, 25)   CodeExpression
   224    237       (25, 15)   CodeInline
   237    256       (13, 19)   DeleteInline
   258    268       (21, 12)   Emphasis
   270    307       (12, 39)   ImageObject
   307    326       (37, 19)   InsertInline
   328    355       (21, 29)   Link
   357    370       (29, 15)   MathInline
   372    376        (15, 6)   Note
   378    390        (6, 14)   Parameter
   392    411       (14, 21)   QuoteInline
   411    435       (19, 24)   ReplaceInline
   437    467       (26, 32)   StyledInline
   469    482       (32, 15)   Strikeout
   484    503       (15, 21)   Strong
   505    516       (21, 13)   Subscript
   518    531       (13, 15)   Superscript
   533    549       (15, 18)   Underline
   551    588       (18, 39)   VideoObject
   135    589      (-416, 1)   Paragraph
   591    614      (456, 25)   CallBlock
   631    646       (40, 32)   Paragraph
   616    651       (-15, 5)   Claim
   653    681       (37, 30)   CodeBlock
   683    713       (30, 32)   CodeChunk
   728    759       (45, 46)   Paragraph
   716    764       (-12, 5)   DeleteBlock
   789    808       (73, 44)   Paragraph
   766    813       (-23, 5)   ForBlock
   815    834       (49, 21)   Heading
   850    869       (35, 35)   Paragraph
   836    874       (-14, 5)   IfBlockClause
   836    874         (0, 0)   IfBlock
   876    906       (40, 32)   IncludeBlock
   920    952       (44, 46)   Paragraph
   908    957       (-12, 5)   InsertBlock
   961    975       (53, 18)   Paragraph
   959    976        (-2, 1)   ListItem
   959    976         (0, 0)   List
   977   1003       (18, 27)   MathBlock
  1007   1028       (30, 25)   Paragraph
  1005   1028        (-2, 0)   QuoteBlock
  1043   1056       (38, 28)   Paragraph
  1068   1081       (25, 25)   Paragraph
  1030   1086       (-38, 5)   ReplaceBlock
  1101   1118       (71, 32)   Paragraph
  1088   1123       (-13, 5)   Section
  1163   1185       (75, 62)   Paragraph
  1125   1190       (-38, 5)   StyledBlock
  1192   1199        (67, 9)   TableCell
  1192   1199         (0, 0)   TableRow
  1208   1215       (16, 16)   TableCell
  1208   1215         (0, 0)   TableRow
  1192   1215       (-16, 0)   Table
  1217   1220        (25, 5)   ThematicBreak
  1228   1238       (11, 18)   Paragraph
     0   1239     (-1228, 1)   Article
