start     end        offsets   node_type+property                   authorship
     0    133       (0, 133)   Paragraph
   160    197      (160, 64)   AudioObject
   199    222       (39, 25)   CodeExpression
   224    237       (25, 15)   CodeInline
   239    249       (15, 12)   Emphasis
   251    288       (12, 39)   ImageObject
   290    317       (39, 29)   Link
   319    332       (29, 15)   MathInline
   334    338        (15, 6)   Note
   340    352        (6, 14)   Parameter
   354    373       (14, 21)   QuoteInline
   375    405       (21, 32)   StyledInline
   407    420       (32, 15)   Strikeout
   422    441       (15, 21)   Strong
   443    454       (21, 13)   Subscript
   456    469       (13, 15)   Superscript
   471    487       (15, 18)   Underline
   489    526       (18, 39)   VideoObject
   135    527      (-354, 1)   Paragraph
   529    552      (394, 25)   CallBlock
   569    584       (40, 32)   Paragraph
   554    589       (-15, 5)   Claim
   591    619       (37, 30)   CodeBlock
   621    653       (30, 34)   CodeChunk
   678    697       (57, 44)   Paragraph
   655    702       (-23, 5)   ForBlock
   704    723       (49, 21)   Heading
   739    758       (35, 35)   Paragraph
   725    763       (-14, 5)   IfBlockClause
   725    763         (0, 0)   IfBlock
   765    795       (40, 32)   IncludeBlock
   799    813       (34, 18)   Paragraph
   797    814        (-2, 1)   ListItem
   797    814         (0, 0)   List
   815    841       (18, 27)   MathBlock
   845    866       (30, 25)   Paragraph
   843    866        (-2, 0)   QuoteBlock
   881    898       (38, 32)   Paragraph
   868    903       (-13, 5)   Section
   943    965       (75, 62)   Paragraph
   905    970       (-38, 5)   StyledBlock
   972    979        (67, 9)   TableCell
   972    979         (0, 0)   TableRow
   988    995       (16, 16)   TableCell
   988    995         (0, 0)   TableRow
   972    995       (-16, 0)   Table
   997   1000        (25, 5)   ThematicBreak
  1008   1018       (11, 18)   Paragraph
     0   1019     (-1008, 1)   Article
