start     end        offsets   node_type+property                   authorship
    13     26       (13, 26)   Text.value
    13     26         (0, 0)   Text
    13     26         (0, 0)   Paragraph.content
    13     27         (0, 1)   Paragraph
    28     49       (15, 22)   Text.value
    28     49         (0, 0)   Text
    28     49         (0, 0)   Paragraph.content
    28     50         (0, 1)   Paragraph
    13     51       (-15, 1)   ReplaceBlock.content
    61     74       (48, 23)   Text.value
    61     74         (0, 0)   Text
    61     74         (0, 0)   Paragraph.content
    61     75         (0, 1)   Paragraph
    80     80        (19, 5)   CodeChunk.programmingLanguage
    82     99        (2, 19)   CodeChunk.code
    76    103        (-6, 4)   CodeChunk
   105    126       (29, 23)   Text.value
   105    126         (0, 0)   Text
   105    126         (0, 0)   Paragraph.content
   105    127         (0, 1)   Paragraph
    61    128       (-44, 1)   ReplaceBlock.replacement
     0    132       (-61, 4)   ReplaceBlock
   145    158      (145, 26)   ReplaceBlock.feedback
   160    173       (15, 15)   Text.value
   160    173         (0, 0)   Text
   160    173         (0, 0)   Paragraph.content
   160    174         (0, 1)   Paragraph
   160    175         (0, 1)   ReplaceBlock.content
   185    207       (25, 32)   Text.value
   185    207         (0, 0)   Text
   185    207         (0, 0)   Paragraph.content
   185    208         (0, 1)   Paragraph
   185    209         (0, 1)   ReplaceBlock.replacement
   133    213       (-52, 4)   ReplaceBlock
     0    214      (-133, 1)   Article.content
     0    214         (0, 0)   Article
