---
source: rust/parser-r/src/lib.rs
assertion_line: 216
expression: parse_info
input_file: fixtures/fragments/r/tags.R
---
{
  "syntaxErrors": false,
  "semanticDigest": 14141924614136143127,
  "executionDependencies": [
    {
      "type": "ExecutionDependency",
      "dependencyNode": {
        "type": "SoftwareSourceCode",
        "name": "pkg1"
      },
      "dependencyRelation": "Imports",
      "codeLocation": [
        0,
        0,
        0,
        29
      ]
    },
    {
      "type": "ExecutionDependency",
      "dependencyNode": {
        "type": "SoftwareSourceCode",
        "name": "pkg2"
      },
      "dependencyRelation": "Imports",
      "codeLocation": [
        0,
        0,
        0,
        29
      ]
    },
    {
      "type": "ExecutionDependency",
      "dependencyNode": {
        "type": "SoftwareSourceCode",
        "name": "pk3"
      },
      "dependencyRelation": "Imports",
      "codeLocation": [
        0,
        0,
        0,
        29
      ]
    },
    {
      "type": "ExecutionDependency",
      "dependencyNode": {
        "type": "SoftwareSourceCode",
        "name": "pkg4"
      },
      "dependencyRelation": "Imports",
      "codeLocation": [
        0,
        0,
        0,
        29
      ]
    },
    {
      "type": "ExecutionDependency",
      "dependencyNode": {
        "type": "Variable",
        "name": "var1",
        "namespace": "fragments/r/tags.R"
      },
      "dependencyRelation": "Uses",
      "codeLocation": [
        2,
        0,
        2,
        12
      ]
    },
    {
      "type": "ExecutionDependency",
      "dependencyNode": {
        "type": "File",
        "name": "",
        "path": "fragments/r/tags.R/file1"
      },
      "dependencyRelation": "Reads",
      "codeLocation": [
        3,
        0,
        3,
        21
      ]
    },
    {
      "type": "ExecutionDependency",
      "dependencyNode": {
        "type": "File",
        "name": "",
        "path": "fragments/r/tags.R/file2"
      },
      "dependencyRelation": "Reads",
      "codeLocation": [
        3,
        0,
        3,
        21
      ]
    }
  ],
  "executionDependents": [
    {
      "type": "ExecutionDependent",
      "dependentNode": {
        "type": "Variable",
        "name": "var1",
        "namespace": "fragments/r/tags.R"
      },
      "dependentRelation": "Assigns",
      "codeLocation": [
        1,
        0,
        1,
        19
      ]
    }
  ],
  "executionTags": [
    {
      "type": "ExecutionTag",
      "isGlobal": false,
      "name": "imports",
      "value": "pkg1, pkg2 pk3,pkg4"
    },
    {
      "type": "ExecutionTag",
      "isGlobal": false,
      "name": "assigns",
      "value": "var1 only"
    },
    {
      "type": "ExecutionTag",
      "isGlobal": false,
      "name": "uses",
      "value": "var1"
    },
    {
      "type": "ExecutionTag",
      "isGlobal": false,
      "name": "reads",
      "value": "file1, file2"
    },
    {
      "type": "ExecutionTag",
      "isGlobal": false,
      "name": "writes",
      "value": "file3 only"
    }
  ]
}
