start     end        offsets   node_type+property                   authorship
     0     26        (0, 26)   Text.value
     0     26         (0, 0)   Text
     0     26         (0, 0)   Paragraph.content
     0     27         (0, 1)   Paragraph
    37     62       (37, 35)   CallBlock.source
    28     63        (-9, 1)   CallBlock
    64     94       (36, 31)   Text.value
    64     94         (0, 0)   Text
    64     94         (0, 0)   Paragraph.content
    64     95         (0, 1)   Paragraph
   105    130       (41, 35)   CallBlock.source
   132    136        (27, 6)   CallArgument.name
   137    140         (5, 4)   CallArgument.value
   132    140        (-5, 0)   CallArgument
    96    142       (-36, 2)   CallBlock
   143    183       (47, 41)   Text.value
   143    183         (0, 0)   Text
   143    183         (0, 0)   Paragraph.content
   143    184         (0, 1)   Paragraph
   194    219       (51, 35)   CallBlock.source
   221    225        (27, 6)   CallArgument.name
   227    236        (6, 11)   CallArgument.code
   221    237        (-6, 1)   CallArgument
   185    239       (-36, 2)   CallBlock
   240    297       (55, 58)   Text.value
   240    297         (0, 0)   Text
   240    297         (0, 0)   Paragraph.content
   240    298         (0, 1)   Paragraph
   308    333       (68, 35)   CallBlock.source
   335    339        (27, 6)   CallArgument.name
   341    350        (6, 11)   CallArgument.code
   335    351        (-6, 1)   CallArgument
   353    359        (18, 8)   CallArgument.name
   360    367         (7, 8)   CallArgument.value
   353    367        (-7, 0)   CallArgument
   369    378       (16, 11)   CallArgument.name
   379    383        (10, 5)   CallArgument.value
   369    383       (-10, 0)   CallArgument
   385    389        (16, 6)   CallArgument.name
   391    396         (6, 7)   CallArgument.code
   385    397        (-6, 1)   CallArgument
   399    406        (14, 9)   CallArgument.name
   407    414         (8, 8)   CallArgument.value
   399    414        (-8, 0)   CallArgument
   299    416      (-100, 2)   CallBlock
     0    417      (-299, 1)   Article.content
     0    417         (0, 0)   Article
