 start    end    offsets   node_id                  node_type+property
    13     26      13/26   txt_1111118D             Text
    13     26        0/0   pgh_1111118E             Paragraph.content
    13     27        0/1   pgh_1111118E             Paragraph
    28     49      15/22   txt_1111118F             Text
    28     49        0/0   pgh_1111118G             Paragraph.content
    28     50        0/1   pgh_1111118G             Paragraph
    13     51      -15/1   rpb_1111118N             ReplaceBlock.content
    61     74      48/23   txt_1111118H             Text
    61     74        0/0   pgh_1111118J             Paragraph.content
    61     75        0/1   pgh_1111118J             Paragraph
    84    100      23/25   cdc_1111118K             CodeChunk.code
    76    105       -8/5   cdc_1111118K             CodeChunk
   106    127      30/22   txt_1111118L             Text
   106    127        0/0   pgh_1111118M             Paragraph.content
   106    128        0/1   pgh_1111118M             Paragraph
    61    129      -45/1   rpb_1111118N             ReplaceBlock.replacement
     0    133      -61/4   rpb_1111118N             ReplaceBlock
   146    154     146/21   rpb_1111118T             ReplaceBlock.suggestionStatus
   156    169      10/15   txt_1111118P             Text
   156    169        0/0   pgh_1111118Q             Paragraph.content
   156    170        0/1   pgh_1111118Q             Paragraph
   156    171        0/1   rpb_1111118T             ReplaceBlock.content
   181    203      25/32   txt_1111118R             Text
   181    203        0/0   pgh_1111118S             Paragraph.content
   181    204        0/1   pgh_1111118S             Paragraph
   181    205        0/1   rpb_1111118T             ReplaceBlock.replacement
   134    209      -47/4   rpb_1111118T             ReplaceBlock
   222    230      88/21   rpb_1111118Y             ReplaceBlock.suggestionStatus
   232    245      10/15   txt_1111118U             Text
   232    245        0/0   pgh_1111118V             Paragraph.content
   232    246        0/1   pgh_1111118V             Paragraph
   232    247        0/1   rpb_1111118Y             ReplaceBlock.content
   257    279      25/32   txt_1111118W             Text
   257    279        0/0   pgh_1111118X             Paragraph.content
   257    280        0/1   pgh_1111118X             Paragraph
   257    281        0/1   rpb_1111118Y             ReplaceBlock.replacement
   210    285      -47/4   rpb_1111118Y             ReplaceBlock
     0    286     -210/1   art_1111118Z             Article.content
     0    285       0/-1   art_1111118Z             Article
